<?xml version="1.0" encoding="ISO-8859-1" ?>
<link_info>
   <banner>TI ARM Linker PC v20.2.1.LTS</banner>
   <copyright>Copyright (c) 1996-2018 Texas Instruments Incorporated</copyright>
   <link_time>0x60a74659</link_time>
   <link_errors>0x0</link_errors>
   <output_file>HeliProject.out</output_file>
   <entry_point>
      <name>_c_int00_noargs</name>
      <address>0x3d19</address>
   </entry_point>
   <input_file_list>
      <input_file id="fl-2">
         <path>.\</path>
         <kind>object</kind>
         <file>PID_Heli.obj</file>
         <name>PID_Heli.obj</name>
      </input_file>
      <input_file id="fl-3">
         <path>.\</path>
         <kind>object</kind>
         <file>PWMconfig.obj</file>
         <name>PWMconfig.obj</name>
      </input_file>
      <input_file id="fl-4">
         <path>.\</path>
         <kind>object</kind>
         <file>UART.obj</file>
         <name>UART.obj</name>
      </input_file>
      <input_file id="fl-5">
         <path>.\</path>
         <kind>object</kind>
         <file>buttons4.obj</file>
         <name>buttons4.obj</name>
      </input_file>
      <input_file id="fl-6">
         <path>.\</path>
         <kind>object</kind>
         <file>circBufT.obj</file>
         <name>circBufT.obj</name>
      </input_file>
      <input_file id="fl-7">
         <path>.\</path>
         <kind>object</kind>
         <file>heliproj.obj</file>
         <name>heliproj.obj</name>
      </input_file>
      <input_file id="fl-8">
         <path>.\</path>
         <kind>object</kind>
         <file>tm4c123gh6pm_startup_ccs.obj</file>
         <name>tm4c123gh6pm_startup_ccs.obj</name>
      </input_file>
      <input_file id="fl-9">
         <path>.\</path>
         <kind>object</kind>
         <file>ustdlib.obj</file>
         <name>ustdlib.obj</name>
      </input_file>
      <input_file id="fl-a">
         <path>.\OrbitOLED\</path>
         <kind>object</kind>
         <file>OrbitOLEDInterface.obj</file>
         <name>OrbitOLEDInterface.obj</name>
      </input_file>
      <input_file id="fl-b">
         <path>.\OrbitOLED\lib_OrbitOled\</path>
         <kind>object</kind>
         <file>ChrFont0.obj</file>
         <name>ChrFont0.obj</name>
      </input_file>
      <input_file id="fl-c">
         <path>.\OrbitOLED\lib_OrbitOled\</path>
         <kind>object</kind>
         <file>FillPat.obj</file>
         <name>FillPat.obj</name>
      </input_file>
      <input_file id="fl-d">
         <path>.\OrbitOLED\lib_OrbitOled\</path>
         <kind>object</kind>
         <file>OrbitOled.obj</file>
         <name>OrbitOled.obj</name>
      </input_file>
      <input_file id="fl-e">
         <path>.\OrbitOLED\lib_OrbitOled\</path>
         <kind>object</kind>
         <file>OrbitOledChar.obj</file>
         <name>OrbitOledChar.obj</name>
      </input_file>
      <input_file id="fl-f">
         <path>.\OrbitOLED\lib_OrbitOled\</path>
         <kind>object</kind>
         <file>OrbitOledGrph.obj</file>
         <name>OrbitOledGrph.obj</name>
      </input_file>
      <input_file id="fl-10">
         <path>.\OrbitOLED\lib_OrbitOled\</path>
         <kind>object</kind>
         <file>delay.obj</file>
         <name>delay.obj</name>
      </input_file>
      <input_file id="fl-15">
         <kind>object</kind>
         <file>&lt;internal&gt;</file>
         <name>&lt;internal&gt;</name>
      </input_file>
      <input_file id="fl-16">
         <path>C:\ti\TivaWare_C_Series-2.2.0.295\driverlib\ccs\Debug\</path>
         <kind>archive</kind>
         <file>driverlib.lib</file>
         <name>adc.obj</name>
      </input_file>
      <input_file id="fl-17">
         <path>C:\ti\TivaWare_C_Series-2.2.0.295\driverlib\ccs\Debug\</path>
         <kind>archive</kind>
         <file>driverlib.lib</file>
         <name>gpio.obj</name>
      </input_file>
      <input_file id="fl-18">
         <path>C:\ti\TivaWare_C_Series-2.2.0.295\driverlib\ccs\Debug\</path>
         <kind>archive</kind>
         <file>driverlib.lib</file>
         <name>interrupt.obj</name>
      </input_file>
      <input_file id="fl-19">
         <path>C:\ti\TivaWare_C_Series-2.2.0.295\driverlib\ccs\Debug\</path>
         <kind>archive</kind>
         <file>driverlib.lib</file>
         <name>pwm.obj</name>
      </input_file>
      <input_file id="fl-1a">
         <path>C:\ti\TivaWare_C_Series-2.2.0.295\driverlib\ccs\Debug\</path>
         <kind>archive</kind>
         <file>driverlib.lib</file>
         <name>ssi.obj</name>
      </input_file>
      <input_file id="fl-1b">
         <path>C:\ti\TivaWare_C_Series-2.2.0.295\driverlib\ccs\Debug\</path>
         <kind>archive</kind>
         <file>driverlib.lib</file>
         <name>sysctl.obj</name>
      </input_file>
      <input_file id="fl-1c">
         <path>C:\ti\TivaWare_C_Series-2.2.0.295\driverlib\ccs\Debug\</path>
         <kind>archive</kind>
         <file>driverlib.lib</file>
         <name>systick.obj</name>
      </input_file>
      <input_file id="fl-1d">
         <path>C:\ti\TivaWare_C_Series-2.2.0.295\driverlib\ccs\Debug\</path>
         <kind>archive</kind>
         <file>driverlib.lib</file>
         <name>timer.obj</name>
      </input_file>
      <input_file id="fl-1e">
         <path>C:\ti\TivaWare_C_Series-2.2.0.295\driverlib\ccs\Debug\</path>
         <kind>archive</kind>
         <file>driverlib.lib</file>
         <name>uart.obj</name>
      </input_file>
      <input_file id="fl-1f">
         <path>C:\ti\TivaWare_C_Series-2.2.0.295\driverlib\ccs\Debug\</path>
         <kind>archive</kind>
         <file>driverlib.lib</file>
         <name>cpu.obj</name>
      </input_file>
      <input_file id="fl-d5">
         <path>C:\ti\ccs1011\ccs\tools\compiler\ti-cgt-arm_20.2.1.LTS\lib\</path>
         <kind>archive</kind>
         <file>rtsv7M4_T_le_v4SPD16_eabi.lib</file>
         <name>fd_add_t2.asm.obj</name>
      </input_file>
      <input_file id="fl-d6">
         <path>C:\ti\ccs1011\ccs\tools\compiler\ti-cgt-arm_20.2.1.LTS\lib\</path>
         <kind>archive</kind>
         <file>rtsv7M4_T_le_v4SPD16_eabi.lib</file>
         <name>fd_div_t2.asm.obj</name>
      </input_file>
      <input_file id="fl-d7">
         <path>C:\ti\ccs1011\ccs\tools\compiler\ti-cgt-arm_20.2.1.LTS\lib\</path>
         <kind>archive</kind>
         <file>rtsv7M4_T_le_v4SPD16_eabi.lib</file>
         <name>fd_mul_t2.asm.obj</name>
      </input_file>
      <input_file id="fl-d8">
         <path>C:\ti\ccs1011\ccs\tools\compiler\ti-cgt-arm_20.2.1.LTS\lib\</path>
         <kind>archive</kind>
         <file>rtsv7M4_T_le_v4SPD16_eabi.lib</file>
         <name>fd_toi_t2.asm.obj</name>
      </input_file>
      <input_file id="fl-d9">
         <path>C:\ti\ccs1011\ccs\tools\compiler\ti-cgt-arm_20.2.1.LTS\lib\</path>
         <kind>archive</kind>
         <file>rtsv7M4_T_le_v4SPD16_eabi.lib</file>
         <name>u_tofd_t2.asm.obj</name>
      </input_file>
      <input_file id="fl-da">
         <path>C:\ti\ccs1011\ccs\tools\compiler\ti-cgt-arm_20.2.1.LTS\lib\</path>
         <kind>archive</kind>
         <file>rtsv7M4_T_le_v4SPD16_eabi.lib</file>
         <name>u_divt2.asm.obj</name>
      </input_file>
      <input_file id="fl-db">
         <path>C:\ti\ccs1011\ccs\tools\compiler\ti-cgt-arm_20.2.1.LTS\lib\</path>
         <kind>archive</kind>
         <file>rtsv7M4_T_le_v4SPD16_eabi.lib</file>
         <name>copy_zero_init.c.obj</name>
      </input_file>
      <input_file id="fl-dc">
         <path>C:\ti\ccs1011\ccs\tools\compiler\ti-cgt-arm_20.2.1.LTS\lib\</path>
         <kind>archive</kind>
         <file>rtsv7M4_T_le_v4SPD16_eabi.lib</file>
         <name>copy_decompress_none.c.obj</name>
      </input_file>
      <input_file id="fl-dd">
         <path>C:\ti\ccs1011\ccs\tools\compiler\ti-cgt-arm_20.2.1.LTS\lib\</path>
         <kind>archive</kind>
         <file>rtsv7M4_T_le_v4SPD16_eabi.lib</file>
         <name>copy_decompress_lzss.c.obj</name>
      </input_file>
      <input_file id="fl-de">
         <path>C:\ti\ccs1011\ccs\tools\compiler\ti-cgt-arm_20.2.1.LTS\lib\</path>
         <kind>archive</kind>
         <file>rtsv7M4_T_le_v4SPD16_eabi.lib</file>
         <name>memory.c.obj</name>
      </input_file>
      <input_file id="fl-df">
         <path>C:\ti\ccs1011\ccs\tools\compiler\ti-cgt-arm_20.2.1.LTS\lib\</path>
         <kind>archive</kind>
         <file>rtsv7M4_T_le_v4SPD16_eabi.lib</file>
         <name>boot_cortex_m.c.obj</name>
      </input_file>
      <input_file id="fl-e0">
         <path>C:\ti\ccs1011\ccs\tools\compiler\ti-cgt-arm_20.2.1.LTS\lib\</path>
         <kind>archive</kind>
         <file>rtsv7M4_T_le_v4SPD16_eabi.lib</file>
         <name>div0.asm.obj</name>
      </input_file>
      <input_file id="fl-e1">
         <path>C:\ti\ccs1011\ccs\tools\compiler\ti-cgt-arm_20.2.1.LTS\lib\</path>
         <kind>archive</kind>
         <file>rtsv7M4_T_le_v4SPD16_eabi.lib</file>
         <name>memset_t2.asm.obj</name>
      </input_file>
      <input_file id="fl-e2">
         <path>C:\ti\ccs1011\ccs\tools\compiler\ti-cgt-arm_20.2.1.LTS\lib\</path>
         <kind>archive</kind>
         <file>rtsv7M4_T_le_v4SPD16_eabi.lib</file>
         <name>memcpy_t2.asm.obj</name>
      </input_file>
      <input_file id="fl-e3">
         <path>C:\ti\ccs1011\ccs\tools\compiler\ti-cgt-arm_20.2.1.LTS\lib\</path>
         <kind>archive</kind>
         <file>rtsv7M4_T_le_v4SPD16_eabi.lib</file>
         <name>autoinit.c.obj</name>
      </input_file>
      <input_file id="fl-e4">
         <path>C:\ti\ccs1011\ccs\tools\compiler\ti-cgt-arm_20.2.1.LTS\lib\</path>
         <kind>archive</kind>
         <file>rtsv7M4_T_le_v4SPD16_eabi.lib</file>
         <name>pre_init.c.obj</name>
      </input_file>
      <input_file id="fl-e5">
         <path>C:\ti\ccs1011\ccs\tools\compiler\ti-cgt-arm_20.2.1.LTS\lib\</path>
         <kind>archive</kind>
         <file>rtsv7M4_T_le_v4SPD16_eabi.lib</file>
         <name>cpy_tbl.c.obj</name>
      </input_file>
      <input_file id="fl-e6">
         <path>C:\ti\ccs1011\ccs\tools\compiler\ti-cgt-arm_20.2.1.LTS\lib\</path>
         <kind>archive</kind>
         <file>rtsv7M4_T_le_v4SPD16_eabi.lib</file>
         <name>exit.c.obj</name>
      </input_file>
      <input_file id="fl-e7">
         <path>C:\ti\ccs1011\ccs\tools\compiler\ti-cgt-arm_20.2.1.LTS\lib\</path>
         <kind>archive</kind>
         <file>rtsv7M4_T_le_v4SPD16_eabi.lib</file>
         <name>_lock.c.obj</name>
      </input_file>
      <input_file id="fl-e8">
         <path>C:\ti\ccs1011\ccs\tools\compiler\ti-cgt-arm_20.2.1.LTS\lib\</path>
         <kind>archive</kind>
         <file>rtsv7M4_T_le_v4SPD16_eabi.lib</file>
         <name>args_main.c.obj</name>
      </input_file>
   </input_file_list>
   <object_component_list>
      <object_component id="oc-12">
         <name>.intvecs</name>
         <load_address>0x0</load_address>
         <run_address>0x0</run_address>
         <size>0x26c</size>
         <input_file_ref idref="fl-8"/>
      </object_component>
      <object_component id="oc-182">
         <name>.text</name>
         <load_address>0x26c</load_address>
         <run_address>0x26c</run_address>
         <size>0xc84</size>
         <input_file_ref idref="fl-9"/>
      </object_component>
      <object_component id="oc-385">
         <name>.text</name>
         <load_address>0xef0</load_address>
         <run_address>0xef0</run_address>
         <size>0x934</size>
         <input_file_ref idref="fl-f"/>
      </object_component>
      <object_component id="oc-a2">
         <name>.text</name>
         <load_address>0x1824</load_address>
         <run_address>0x1824</run_address>
         <size>0x744</size>
         <input_file_ref idref="fl-7"/>
      </object_component>
      <object_component id="oc-28d">
         <name>.text</name>
         <load_address>0x1f68</load_address>
         <run_address>0x1f68</run_address>
         <size>0x37c</size>
         <input_file_ref idref="fl-d"/>
      </object_component>
      <object_component id="oc-18e">
         <name>.text</name>
         <load_address>0x22e4</load_address>
         <run_address>0x22e4</run_address>
         <size>0x26c</size>
         <input_file_ref idref="fl-5"/>
      </object_component>
      <object_component id="oc-19a">
         <name>.text</name>
         <load_address>0x2550</load_address>
         <run_address>0x2550</run_address>
         <size>0x224</size>
         <input_file_ref idref="fl-4"/>
      </object_component>
      <object_component id="oc-287">
         <name>.text</name>
         <load_address>0x2774</load_address>
         <run_address>0x2774</run_address>
         <size>0x204</size>
         <input_file_ref idref="fl-e"/>
      </object_component>
      <object_component id="oc-165">
         <name>.text</name>
         <load_address>0x2978</load_address>
         <run_address>0x2978</run_address>
         <size>0x1b6</size>
         <input_file_ref idref="fl-d5"/>
      </object_component>
      <object_component id="oc-40d">
         <name>.text:_nop</name>
         <load_address>0x2b2e</load_address>
         <run_address>0x2b2e</run_address>
         <size>0x2</size>
         <input_file_ref idref="fl-e7"/>
      </object_component>
      <object_component id="oc-23e">
         <name>.text:GPIOPadConfigSet</name>
         <load_address>0x2b30</load_address>
         <run_address>0x2b30</run_address>
         <size>0x16c</size>
         <input_file_ref idref="fl-17"/>
      </object_component>
      <object_component id="oc-16a">
         <name>.text</name>
         <load_address>0x2c9c</load_address>
         <run_address>0x2c9c</run_address>
         <size>0x136</size>
         <input_file_ref idref="fl-d6"/>
      </object_component>
      <object_component id="oc-374">
         <name>.text</name>
         <load_address>0x2dd2</load_address>
         <run_address>0x2dd2</run_address>
         <size>0x2</size>
         <input_file_ref idref="fl-e0"/>
      </object_component>
      <object_component id="oc-194">
         <name>.text</name>
         <load_address>0x2dd4</load_address>
         <run_address>0x2dd4</run_address>
         <size>0x124</size>
         <input_file_ref idref="fl-3"/>
      </object_component>
      <object_component id="oc-13c">
         <name>.text:SysCtlClockGet</name>
         <load_address>0x2ef8</load_address>
         <run_address>0x2ef8</run_address>
         <size>0x118</size>
         <input_file_ref idref="fl-1b"/>
      </object_component>
      <object_component id="oc-42c">
         <name>.text:aligned_alloc</name>
         <load_address>0x3010</load_address>
         <run_address>0x3010</run_address>
         <size>0x108</size>
         <input_file_ref idref="fl-de"/>
      </object_component>
      <object_component id="oc-16f">
         <name>.text</name>
         <load_address>0x3118</load_address>
         <run_address>0x3118</run_address>
         <size>0xfc</size>
         <input_file_ref idref="fl-d7"/>
      </object_component>
      <object_component id="oc-136">
         <name>.text:SysCtlClockSet</name>
         <load_address>0x3214</load_address>
         <run_address>0x3214</run_address>
         <size>0xf4</size>
         <input_file_ref idref="fl-1b"/>
      </object_component>
      <object_component id="oc-20e">
         <name>.text:free</name>
         <load_address>0x3308</load_address>
         <run_address>0x3308</run_address>
         <size>0xe4</size>
         <input_file_ref idref="fl-de"/>
      </object_component>
      <object_component id="oc-1a0">
         <name>.text</name>
         <load_address>0x33ec</load_address>
         <run_address>0x33ec</run_address>
         <size>0xdc</size>
         <input_file_ref idref="fl-2"/>
      </object_component>
      <object_component id="oc-e2">
         <name>.text</name>
         <load_address>0x34c8</load_address>
         <run_address>0x34c8</run_address>
         <size>0xb8</size>
         <input_file_ref idref="fl-6"/>
      </object_component>
      <object_component id="oc-3e">
         <name>.text</name>
         <load_address>0x3580</load_address>
         <run_address>0x3580</run_address>
         <size>0x9c</size>
         <input_file_ref idref="fl-e2"/>
      </object_component>
      <object_component id="oc-fa">
         <name>.text:ADCSequenceStepConfigure</name>
         <load_address>0x361c</load_address>
         <run_address>0x361c</run_address>
         <size>0x7a</size>
         <input_file_ref idref="fl-16"/>
      </object_component>
      <object_component id="oc-96">
         <name>.text</name>
         <load_address>0x3696</load_address>
         <run_address>0x3696</run_address>
         <size>0x7a</size>
         <input_file_ref idref="fl-e1"/>
      </object_component>
      <object_component id="oc-486">
         <name>.text:split</name>
         <load_address>0x3710</load_address>
         <run_address>0x3710</run_address>
         <size>0x70</size>
         <input_file_ref idref="fl-de"/>
      </object_component>
      <object_component id="oc-228">
         <name>.text:IntEnable</name>
         <load_address>0x3780</load_address>
         <run_address>0x3780</run_address>
         <size>0x68</size>
         <input_file_ref idref="fl-18"/>
      </object_component>
      <object_component id="oc-15">
         <name>.text:decompress:lzss:__TI_decompress_lzss</name>
         <load_address>0x37e8</load_address>
         <run_address>0x37e8</run_address>
         <size>0x68</size>
         <input_file_ref idref="fl-dd"/>
      </object_component>
      <object_component id="oc-44f">
         <name>.text:TimerConfigure</name>
         <load_address>0x3850</load_address>
         <run_address>0x3850</run_address>
         <size>0x60</size>
         <input_file_ref idref="fl-1d"/>
      </object_component>
      <object_component id="oc-39a">
         <name>.text</name>
         <load_address>0x38b0</load_address>
         <run_address>0x38b0</run_address>
         <size>0x5c</size>
         <input_file_ref idref="fl-10"/>
      </object_component>
      <object_component id="oc-124">
         <name>.text:GPIOIntTypeSet</name>
         <load_address>0x390c</load_address>
         <run_address>0x390c</run_address>
         <size>0x58</size>
         <input_file_ref idref="fl-17"/>
      </object_component>
      <object_component id="oc-2af">
         <name>.text:SysCtlPeripheralReset</name>
         <load_address>0x3964</load_address>
         <run_address>0x3964</run_address>
         <size>0x50</size>
         <input_file_ref idref="fl-1b"/>
      </object_component>
      <object_component id="oc-21c">
         <name>.text:_ADCIntNumberGet</name>
         <load_address>0x39b4</load_address>
         <run_address>0x39b4</run_address>
         <size>0x50</size>
         <input_file_ref idref="fl-16"/>
      </object_component>
      <object_component id="oc-f4">
         <name>.text:ADCSequenceConfigure</name>
         <load_address>0x3a04</load_address>
         <run_address>0x3a04</run_address>
         <size>0x4e</size>
         <input_file_ref idref="fl-16"/>
      </object_component>
      <object_component id="oc-2b5">
         <name>.text:GPIOPinConfigure</name>
         <load_address>0x3a54</load_address>
         <run_address>0x3a54</run_address>
         <size>0x4c</size>
         <input_file_ref idref="fl-17"/>
      </object_component>
      <object_component id="oc-174">
         <name>.text</name>
         <load_address>0x3aa0</load_address>
         <run_address>0x3aa0</run_address>
         <size>0x48</size>
         <input_file_ref idref="fl-d8"/>
      </object_component>
      <object_component id="oc-2d4">
         <name>.text:UARTConfigSetExpClk</name>
         <load_address>0x3ae8</load_address>
         <run_address>0x3ae8</run_address>
         <size>0x46</size>
         <input_file_ref idref="fl-1e"/>
      </object_component>
      <object_component id="oc-188">
         <name>.text</name>
         <load_address>0x3b30</load_address>
         <run_address>0x3b30</run_address>
         <size>0x44</size>
         <input_file_ref idref="fl-a"/>
      </object_component>
      <object_component id="oc-246">
         <name>.text:_GPIOIntNumberGet</name>
         <load_address>0x3b74</load_address>
         <run_address>0x3b74</run_address>
         <size>0x44</size>
         <input_file_ref idref="fl-17"/>
      </object_component>
      <object_component id="oc-1cc">
         <name>.text:__TI_auto_init_nobinit_nopinit:__TI_auto_init_nobinit_nopinit</name>
         <load_address>0x3bb8</load_address>
         <run_address>0x3bb8</run_address>
         <size>0x44</size>
         <input_file_ref idref="fl-e3"/>
      </object_component>
      <object_component id="oc-26a">
         <name>.text</name>
         <load_address>0x3bfc</load_address>
         <run_address>0x3bfc</run_address>
         <size>0x40</size>
         <input_file_ref idref="fl-da"/>
      </object_component>
      <object_component id="oc-3ac">
         <name>.text:SSIConfigSetExpClk</name>
         <load_address>0x3c3c</load_address>
         <run_address>0x3c3c</run_address>
         <size>0x3c</size>
         <input_file_ref idref="fl-1a"/>
      </object_component>
      <object_component id="oc-208">
         <name>.text:calloc</name>
         <load_address>0x3c78</load_address>
         <run_address>0x3c78</run_address>
         <size>0x38</size>
         <input_file_ref idref="fl-de"/>
      </object_component>
      <object_component id="oc-222">
         <name>.text:IntRegister</name>
         <load_address>0x3cb0</load_address>
         <run_address>0x3cb0</run_address>
         <size>0x34</size>
         <input_file_ref idref="fl-18"/>
      </object_component>
      <object_component id="oc-ee">
         <name>.text:SysCtlPeripheralEnable</name>
         <load_address>0x3ce4</load_address>
         <run_address>0x3ce4</run_address>
         <size>0x34</size>
         <input_file_ref idref="fl-1b"/>
      </object_component>
      <object_component id="oc-5c">
         <name>.text:_c_int00_noargs:_c_int00_noargs</name>
         <load_address>0x3d18</load_address>
         <run_address>0x3d18</run_address>
         <size>0x34</size>
         <input_file_ref idref="fl-df"/>
      </object_component>
      <object_component id="oc-238">
         <name>.text:GPIODirModeSet</name>
         <load_address>0x3d4c</load_address>
         <run_address>0x3d4c</run_address>
         <size>0x2c</size>
         <input_file_ref idref="fl-17"/>
      </object_component>
      <object_component id="oc-345">
         <name>.text:free_list_insert</name>
         <load_address>0x3d78</load_address>
         <run_address>0x3d78</run_address>
         <size>0x28</size>
         <input_file_ref idref="fl-de"/>
      </object_component>
      <object_component id="oc-2c1">
         <name>.text:PWMGenConfigure</name>
         <load_address>0x3da0</load_address>
         <run_address>0x3da0</run_address>
         <size>0x22</size>
         <input_file_ref idref="fl-19"/>
      </object_component>
      <object_component id="oc-3f8">
         <name>.text:UARTDisable</name>
         <load_address>0x3dc4</load_address>
         <run_address>0x3dc4</run_address>
         <size>0x20</size>
         <input_file_ref idref="fl-1e"/>
      </object_component>
      <object_component id="oc-160">
         <name>.text</name>
         <load_address>0x3de4</load_address>
         <run_address>0x3de4</run_address>
         <size>0x20</size>
         <input_file_ref idref="fl-d9"/>
      </object_component>
      <object_component id="oc-dc">
         <name>.text:ADCSequenceDataGet</name>
         <load_address>0x3e04</load_address>
         <run_address>0x3e04</run_address>
         <size>0x1e</size>
         <input_file_ref idref="fl-16"/>
      </object_component>
      <object_component id="oc-2a9">
         <name>.text:PWMPulseWidthSet</name>
         <load_address>0x3e22</load_address>
         <run_address>0x3e22</run_address>
         <size>0x1e</size>
         <input_file_ref idref="fl-19"/>
      </object_component>
      <object_component id="oc-148">
         <name>.text:SysTickIntRegister</name>
         <load_address>0x3e40</load_address>
         <run_address>0x3e40</run_address>
         <size>0x1c</size>
         <input_file_ref idref="fl-1c"/>
      </object_component>
      <object_component id="oc-33f">
         <name>.text:free_list_remove</name>
         <load_address>0x3e5c</load_address>
         <run_address>0x3e5c</run_address>
         <size>0x1c</size>
         <input_file_ref idref="fl-de"/>
      </object_component>
      <object_component id="oc-3be">
         <name>.text:GPIOPinTypeGPIOOutput</name>
         <load_address>0x3e78</load_address>
         <run_address>0x3e78</run_address>
         <size>0x1a</size>
         <input_file_ref idref="fl-17"/>
      </object_component>
      <object_component id="oc-106">
         <name>.text:ADCIntRegister</name>
         <load_address>0x3e92</load_address>
         <run_address>0x3e92</run_address>
         <size>0x18</size>
         <input_file_ref idref="fl-16"/>
      </object_component>
      <object_component id="oc-d6">
         <name>.text:ADCProcessorTrigger</name>
         <load_address>0x3eaa</load_address>
         <run_address>0x3eaa</run_address>
         <size>0x18</size>
         <input_file_ref idref="fl-16"/>
      </object_component>
      <object_component id="oc-12a">
         <name>.text:GPIOIntRegister</name>
         <load_address>0x3ec2</load_address>
         <run_address>0x3ec2</run_address>
         <size>0x18</size>
         <input_file_ref idref="fl-17"/>
      </object_component>
      <object_component id="oc-11e">
         <name>.text:GPIOPinTypeGPIOInput</name>
         <load_address>0x3eda</load_address>
         <run_address>0x3eda</run_address>
         <size>0x16</size>
         <input_file_ref idref="fl-17"/>
      </object_component>
      <object_component id="oc-2bb">
         <name>.text:GPIOPinTypePWM</name>
         <load_address>0x3ef0</load_address>
         <run_address>0x3ef0</run_address>
         <size>0x16</size>
         <input_file_ref idref="fl-17"/>
      </object_component>
      <object_component id="oc-3a0">
         <name>.text:GPIOPinTypeSSI</name>
         <load_address>0x3f06</load_address>
         <run_address>0x3f06</run_address>
         <size>0x16</size>
         <input_file_ref idref="fl-17"/>
      </object_component>
      <object_component id="oc-2ce">
         <name>.text:GPIOPinTypeUART</name>
         <load_address>0x3f1c</load_address>
         <run_address>0x3f1c</run_address>
         <size>0x16</size>
         <input_file_ref idref="fl-17"/>
      </object_component>
      <object_component id="oc-154">
         <name>.text:SysTickEnable</name>
         <load_address>0x3f34</load_address>
         <run_address>0x3f34</run_address>
         <size>0x14</size>
         <input_file_ref idref="fl-1c"/>
      </object_component>
      <object_component id="oc-14e">
         <name>.text:SysTickIntEnable</name>
         <load_address>0x3f48</load_address>
         <run_address>0x3f48</run_address>
         <size>0x14</size>
         <input_file_ref idref="fl-1c"/>
      </object_component>
      <object_component id="oc-2e0">
         <name>.text:UARTEnable</name>
         <load_address>0x3f5c</load_address>
         <run_address>0x3f5c</run_address>
         <size>0x14</size>
         <input_file_ref idref="fl-1e"/>
      </object_component>
      <object_component id="oc-15a">
         <name>.text:PWMOutputState</name>
         <load_address>0x3f70</load_address>
         <run_address>0x3f70</run_address>
         <size>0x12</size>
         <input_file_ref idref="fl-19"/>
      </object_component>
      <object_component id="oc-10c">
         <name>.text:ADCIntEnable</name>
         <load_address>0x3f82</load_address>
         <run_address>0x3f82</run_address>
         <size>0x10</size>
         <input_file_ref idref="fl-16"/>
      </object_component>
      <object_component id="oc-1ad">
         <name>.text:IntMasterDisable</name>
         <load_address>0x3f92</load_address>
         <run_address>0x3f92</run_address>
         <size>0x10</size>
         <input_file_ref idref="fl-18"/>
      </object_component>
      <object_component id="oc-1a6">
         <name>.text:IntMasterEnable</name>
         <load_address>0x3fa2</load_address>
         <run_address>0x3fa2</run_address>
         <size>0x10</size>
         <input_file_ref idref="fl-18"/>
      </object_component>
      <object_component id="oc-2a3">
         <name>.text:PWMGenPeriodSet</name>
         <load_address>0x3fb2</load_address>
         <run_address>0x3fb2</run_address>
         <size>0x10</size>
         <input_file_ref idref="fl-19"/>
      </object_component>
      <object_component id="oc-142">
         <name>.text:SysTickPeriodSet</name>
         <load_address>0x3fc4</load_address>
         <run_address>0x3fc4</run_address>
         <size>0x10</size>
         <input_file_ref idref="fl-1c"/>
      </object_component>
      <object_component id="oc-100">
         <name>.text:ADCSequenceEnable</name>
         <load_address>0x3fd4</load_address>
         <run_address>0x3fd4</run_address>
         <size>0xe</size>
         <input_file_ref idref="fl-16"/>
      </object_component>
      <object_component id="oc-455">
         <name>.text:TimerEnable</name>
         <load_address>0x3fe2</load_address>
         <run_address>0x3fe2</run_address>
         <size>0xe</size>
         <input_file_ref idref="fl-1d"/>
      </object_component>
      <object_component id="oc-1b">
         <name>.text:decompress:none:__TI_decompress_none</name>
         <load_address>0x3ff0</load_address>
         <run_address>0x3ff0</run_address>
         <size>0xe</size>
         <input_file_ref idref="fl-dc"/>
      </object_component>
      <object_component id="oc-2fe">
         <name>.text:CPUcpsid</name>
         <load_address>0x3ffe</load_address>
         <run_address>0x3ffe</run_address>
         <size>0xc</size>
         <input_file_ref idref="fl-1f"/>
      </object_component>
      <object_component id="oc-2f7">
         <name>.text:CPUcpsie</name>
         <load_address>0x400a</load_address>
         <run_address>0x400a</run_address>
         <size>0xc</size>
         <input_file_ref idref="fl-1f"/>
      </object_component>
      <object_component id="oc-130">
         <name>.text:GPIOIntEnable</name>
         <load_address>0x4016</load_address>
         <run_address>0x4016</run_address>
         <size>0xc</size>
         <input_file_ref idref="fl-17"/>
      </object_component>
      <object_component id="oc-2c7">
         <name>.text:PWMGenEnable</name>
         <load_address>0x4022</load_address>
         <run_address>0x4022</run_address>
         <size>0xc</size>
         <input_file_ref idref="fl-19"/>
      </object_component>
      <object_component id="oc-3d0">
         <name>.text:SSIDataGet</name>
         <load_address>0x402e</load_address>
         <run_address>0x402e</run_address>
         <size>0xc</size>
         <input_file_ref idref="fl-1a"/>
      </object_component>
      <object_component id="oc-50">
         <name>.text:decompress:ZI:__TI_zero_init</name>
         <load_address>0x403a</load_address>
         <run_address>0x403a</run_address>
         <size>0xc</size>
         <input_file_ref idref="fl-db"/>
      </object_component>
      <object_component id="oc-2a">
         <name>.text</name>
         <load_address>0x4046</load_address>
         <run_address>0x4046</run_address>
         <size>0xc</size>
         <input_file_ref idref="fl-8"/>
      </object_component>
      <object_component id="oc-e8">
         <name>.text:ADCIntClear</name>
         <load_address>0x4052</load_address>
         <run_address>0x4052</run_address>
         <size>0xa</size>
         <input_file_ref idref="fl-16"/>
      </object_component>
      <object_component id="oc-3ca">
         <name>.text:SSIDataPut</name>
         <load_address>0x405c</load_address>
         <run_address>0x405c</run_address>
         <size>0xa</size>
         <input_file_ref idref="fl-1a"/>
      </object_component>
      <object_component id="oc-3b2">
         <name>.text:SSIEnable</name>
         <load_address>0x4066</load_address>
         <run_address>0x4066</run_address>
         <size>0xa</size>
         <input_file_ref idref="fl-1a"/>
      </object_component>
      <object_component id="oc-45b">
         <name>.text:TimerValueGet</name>
         <load_address>0x4070</load_address>
         <run_address>0x4070</run_address>
         <size>0xa</size>
         <input_file_ref idref="fl-1d"/>
      </object_component>
      <object_component id="oc-2e6">
         <name>.text:UARTCharPut</name>
         <load_address>0x407a</load_address>
         <run_address>0x407a</run_address>
         <size>0xa</size>
         <input_file_ref idref="fl-1e"/>
      </object_component>
      <object_component id="oc-2da">
         <name>.text:UARTFIFOEnable</name>
         <load_address>0x4084</load_address>
         <run_address>0x4084</run_address>
         <size>0xa</size>
         <input_file_ref idref="fl-1e"/>
      </object_component>
      <object_component id="oc-3c4">
         <name>.text:SSIBusy</name>
         <load_address>0x408e</load_address>
         <run_address>0x408e</run_address>
         <size>0x8</size>
         <input_file_ref idref="fl-1a"/>
      </object_component>
      <object_component id="oc-338">
         <name>.text:malloc</name>
         <load_address>0x4096</load_address>
         <run_address>0x4096</run_address>
         <size>0x8</size>
         <input_file_ref idref="fl-de"/>
      </object_component>
      <object_component id="oc-118">
         <name>.text:GPIOIntClear</name>
         <load_address>0x409e</load_address>
         <run_address>0x409e</run_address>
         <size>0x6</size>
         <input_file_ref idref="fl-17"/>
      </object_component>
      <object_component id="oc-112">
         <name>.text:GPIOPinRead</name>
         <load_address>0x40a4</load_address>
         <run_address>0x40a4</run_address>
         <size>0x6</size>
         <input_file_ref idref="fl-17"/>
      </object_component>
      <object_component id="oc-3b8">
         <name>.text:GPIOPinWrite</name>
         <load_address>0x40aa</load_address>
         <run_address>0x40aa</run_address>
         <size>0x6</size>
         <input_file_ref idref="fl-17"/>
      </object_component>
      <object_component id="oc-3a6">
         <name>.text:SSIClockSourceSet</name>
         <load_address>0x40b0</load_address>
         <run_address>0x40b0</run_address>
         <size>0x6</size>
         <input_file_ref idref="fl-1a"/>
      </object_component>
      <object_component id="oc-1ac">
         <name>.text:SysCtlDelay</name>
         <load_address>0x40b6</load_address>
         <run_address>0x40b6</run_address>
         <size>0x6</size>
         <input_file_ref idref="fl-1b"/>
      </object_component>
      <object_component id="oc-9c">
         <name>.text:_system_pre_init</name>
         <load_address>0x40bc</load_address>
         <run_address>0x40bc</run_address>
         <size>0x4</size>
         <input_file_ref idref="fl-e4"/>
      </object_component>
      <object_component id="oc-1c0">
         <name>.text:abort:abort</name>
         <load_address>0x40c0</load_address>
         <run_address>0x40c0</run_address>
         <size>0x4</size>
         <input_file_ref idref="fl-e6"/>
      </object_component>
      <object_component id="oc-3d6">
         <name>.const:.string:rgbOledFont0</name>
         <load_address>0x40c4</load_address>
         <run_address>0x40c4</run_address>
         <size>0x300</size>
         <input_file_ref idref="fl-b"/>
      </object_component>
      <object_component id="oc-36a">
         <name>.const:g_ppui32GPIOIntMapSnowflake</name>
         <load_address>0x43c4</load_address>
         <run_address>0x43c4</run_address>
         <size>0xd8</size>
         <input_file_ref idref="fl-17"/>
      </object_component>
      <object_component id="oc-367">
         <name>.const:g_ppui32GPIOIntMapBlizzard</name>
         <load_address>0x449c</load_address>
         <run_address>0x449c</run_address>
         <size>0xc0</size>
         <input_file_ref idref="fl-17"/>
      </object_component>
      <object_component id="oc-3f0">
         <name>.const:g_pui32GPIOBaseAddrs</name>
         <load_address>0x455c</load_address>
         <run_address>0x455c</run_address>
         <size>0x90</size>
         <input_file_ref idref="fl-17"/>
      </object_component>
      <object_component id="oc-24f">
         <name>.const:g_pui32Xtals</name>
         <load_address>0x45ec</load_address>
         <run_address>0x45ec</run_address>
         <size>0x6c</size>
         <input_file_ref idref="fl-1b"/>
      </object_component>
      <object_component id="oc-3dc">
         <name>.const:.string:rgbFillPat</name>
         <load_address>0x4658</load_address>
         <run_address>0x4658</run_address>
         <size>0x40</size>
         <input_file_ref idref="fl-c"/>
      </object_component>
      <object_component id="oc-272">
         <name>.const:g_psDaysToMonth</name>
         <load_address>0x4698</load_address>
         <run_address>0x4698</run_address>
         <size>0x30</size>
         <input_file_ref idref="fl-9"/>
      </object_component>
      <object_component id="oc-275">
         <name>.const:g_pfExponents</name>
         <load_address>0x46c8</load_address>
         <run_address>0x46c8</run_address>
         <size>0x18</size>
         <input_file_ref idref="fl-9"/>
      </object_component>
      <object_component id="oc-35f">
         <name>.const:g_pui32EnRegs</name>
         <load_address>0x46e0</load_address>
         <run_address>0x46e0</run_address>
         <size>0x14</size>
         <input_file_ref idref="fl-18"/>
      </object_component>
      <object_component id="oc-37a">
         <name>.const:.string</name>
         <load_address>0x46f4</load_address>
         <run_address>0x46f4</run_address>
         <size>0x12</size>
         <input_file_ref idref="fl-9"/>
      </object_component>
      <object_component id="oc-26f">
         <name>.const</name>
         <load_address>0x4708</load_address>
         <run_address>0x4708</run_address>
         <size>0x4</size>
         <input_file_ref idref="fl-9"/>
      </object_component>
      <object_component id="oc-4ca">
         <name>.cinit..data.load</name>
         <load_address>0x4710</load_address>
         <run_address>0x4710</run_address>
         <size>0x17</size>
      </object_component>
      <object_component id="oc-4c7">
         <name>__TI_handler_table</name>
         <load_address>0x4728</load_address>
         <run_address>0x4728</run_address>
         <size>0xc</size>
      </object_component>
      <object_component id="oc-4cb">
         <name>.cinit..bss.load</name>
         <load_address>0x4738</load_address>
         <run_address>0x4738</run_address>
         <size>0x8</size>
      </object_component>
      <object_component id="oc-4c9">
         <name>.cinit..vtable.load</name>
         <load_address>0x4740</load_address>
         <run_address>0x4740</run_address>
         <size>0x8</size>
      </object_component>
      <object_component id="oc-4c8">
         <name>__TI_cinit_table</name>
         <load_address>0x4748</load_address>
         <run_address>0x4748</run_address>
         <size>0x18</size>
      </object_component>
      <object_component id="oc-35a">
         <name>.vtable</name>
         <uninitialized>true</uninitialized>
         <run_address>0x20000000</run_address>
         <size>0x26c</size>
         <input_file_ref idref="fl-18"/>
      </object_component>
      <object_component id="oc-2f3">
         <name>.data</name>
         <load_address>0x20000964</load_address>
         <run_address>0x20000964</run_address>
         <size>0x4</size>
         <input_file_ref idref="fl-2"/>
      </object_component>
      <object_component id="oc-2ef">
         <name>.data</name>
         <load_address>0x20000952</load_address>
         <run_address>0x20000952</run_address>
         <size>0x1</size>
         <input_file_ref idref="fl-4"/>
      </object_component>
      <object_component id="oc-17c">
         <name>.data</name>
         <load_address>0x20000930</load_address>
         <run_address>0x20000930</run_address>
         <size>0x22</size>
         <input_file_ref idref="fl-7"/>
      </object_component>
      <object_component id="oc-278">
         <name>.data</name>
         <load_address>0x20000968</load_address>
         <run_address>0x20000968</run_address>
         <size>0x4</size>
         <input_file_ref idref="fl-9"/>
      </object_component>
      <object_component id="oc-433">
         <name>.data:$O1$$</name>
         <load_address>0x2000095c</load_address>
         <run_address>0x2000095c</run_address>
         <size>0x8</size>
         <input_file_ref idref="fl-de"/>
      </object_component>
      <object_component id="oc-310">
         <name>.data:$O1$$</name>
         <load_address>0x20000954</load_address>
         <run_address>0x20000954</run_address>
         <size>0x8</size>
         <input_file_ref idref="fl-e7"/>
      </object_component>
      <object_component id="oc-298">
         <name>.bss:but_state</name>
         <uninitialized>true</uninitialized>
         <run_address>0x200005e0</run_address>
         <size>0x8</size>
         <input_file_ref idref="fl-5"/>
      </object_component>
      <object_component id="oc-29b">
         <name>.bss:but_count</name>
         <uninitialized>true</uninitialized>
         <run_address>0x200005c8</run_address>
         <size>0x8</size>
         <input_file_ref idref="fl-5"/>
      </object_component>
      <object_component id="oc-29e">
         <name>.bss:but_flag</name>
         <uninitialized>true</uninitialized>
         <run_address>0x200005d0</run_address>
         <size>0x8</size>
         <input_file_ref idref="fl-5"/>
      </object_component>
      <object_component id="oc-295">
         <name>.bss:but_normal</name>
         <uninitialized>true</uninitialized>
         <run_address>0x200005d8</run_address>
         <size>0x8</size>
         <input_file_ref idref="fl-5"/>
      </object_component>
      <object_component id="oc-17f">
         <name>.bss:g_inBuffer</name>
         <uninitialized>true</uninitialized>
         <run_address>0x200005b8</run_address>
         <size>0x10</size>
         <input_file_ref idref="fl-7"/>
      </object_component>
      <object_component id="oc-179">
         <name>.bss</name>
         <uninitialized>true</uninitialized>
         <run_address>0x200005e8</run_address>
         <size>0x4</size>
         <input_file_ref idref="fl-7"/>
      </object_component>
      <object_component id="oc-2ec">
         <name>.common:statusStr</name>
         <uninitialized>true</uninitialized>
         <run_address>0x2000056c</run_address>
         <size>0x4c</size>
      </object_component>
      <object_component id="oc-443">
         <name>.common:xcoOledCur</name>
         <uninitialized>true</uninitialized>
         <run_address>0x2000061c</run_address>
         <size>0x4</size>
      </object_component>
      <object_component id="oc-444">
         <name>.common:ycoOledCur</name>
         <uninitialized>true</uninitialized>
         <run_address>0x20000628</run_address>
         <size>0x4</size>
      </object_component>
      <object_component id="oc-398">
         <name>.common:pbOledCur</name>
         <uninitialized>true</uninitialized>
         <run_address>0x20000600</run_address>
         <size>0x4</size>
      </object_component>
      <object_component id="oc-445">
         <name>.common:bnOledCur</name>
         <uninitialized>true</uninitialized>
         <run_address>0x200005ec</run_address>
         <size>0x4</size>
      </object_component>
      <object_component id="oc-3da">
         <name>.common:clrOledCur</name>
         <uninitialized>true</uninitialized>
         <run_address>0x2000062c</run_address>
         <size>0x1</size>
      </object_component>
      <object_component id="oc-3db">
         <name>.common:pbOledPatCur</name>
         <uninitialized>true</uninitialized>
         <run_address>0x2000060c</run_address>
         <size>0x4</size>
      </object_component>
      <object_component id="oc-396">
         <name>.common:fOledCharUpdate</name>
         <uninitialized>true</uninitialized>
         <run_address>0x200005f8</run_address>
         <size>0x4</size>
      </object_component>
      <object_component id="oc-391">
         <name>.common:dxcoOledFontCur</name>
         <uninitialized>true</uninitialized>
         <run_address>0x200005f0</run_address>
         <size>0x4</size>
      </object_component>
      <object_component id="oc-394">
         <name>.common:dycoOledFontCur</name>
         <uninitialized>true</uninitialized>
         <run_address>0x200005f4</run_address>
         <size>0x4</size>
      </object_component>
      <object_component id="oc-397">
         <name>.common:pbOledFontCur</name>
         <uninitialized>true</uninitialized>
         <run_address>0x20000604</run_address>
         <size>0x4</size>
      </object_component>
      <object_component id="oc-395">
         <name>.common:pbOledFontUser</name>
         <uninitialized>true</uninitialized>
         <run_address>0x20000608</run_address>
         <size>0x4</size>
      </object_component>
      <object_component id="oc-3df">
         <name>.common:rgbOledBmp</name>
         <uninitialized>true</uninitialized>
         <run_address>0x2000026c</run_address>
         <size>0x200</size>
      </object_component>
      <object_component id="oc-38f">
         <name>.common:xchOledCur</name>
         <uninitialized>true</uninitialized>
         <run_address>0x20000614</run_address>
         <size>0x4</size>
      </object_component>
      <object_component id="oc-390">
         <name>.common:ychOledCur</name>
         <uninitialized>true</uninitialized>
         <run_address>0x20000620</run_address>
         <size>0x4</size>
      </object_component>
      <object_component id="oc-38b">
         <name>.common:xchOledMax</name>
         <uninitialized>true</uninitialized>
         <run_address>0x20000618</run_address>
         <size>0x4</size>
      </object_component>
      <object_component id="oc-38e">
         <name>.common:ychOledMax</name>
         <uninitialized>true</uninitialized>
         <run_address>0x20000624</run_address>
         <size>0x4</size>
      </object_component>
      <object_component id="oc-3d9">
         <name>.common:rgbOledFontUser</name>
         <uninitialized>true</uninitialized>
         <run_address>0x2000046c</run_address>
         <size>0x100</size>
      </object_component>
      <object_component id="oc-449">
         <name>.common:pfnDoRop</name>
         <uninitialized>true</uninitialized>
         <run_address>0x20000610</run_address>
         <size>0x4</size>
      </object_component>
      <object_component id="oc-446">
         <name>.common:modOledCur</name>
         <uninitialized>true</uninitialized>
         <run_address>0x200005fc</run_address>
         <size>0x4</size>
      </object_component>
      <object_component id="oc-24">
         <name>.sysmem</name>
         <uninitialized>true</uninitialized>
         <run_address>0x20000830</run_address>
         <size>0x10</size>
         <input_file_ref idref="fl-de"/>
      </object_component>
      <object_component id="oc-4ce">
         <name>.sysmem</name>
         <uninitialized>true</uninitialized>
         <run_address>0x20000830</run_address>
         <size>0x0</size>
      </object_component>
      <object_component id="oc-27">
         <name>.stack</name>
         <uninitialized>true</uninitialized>
         <run_address>0x20000630</run_address>
         <size>0x4</size>
         <input_file_ref idref="fl-df"/>
      </object_component>
      <object_component id="oc-4cd">
         <name>.stack</name>
         <uninitialized>true</uninitialized>
         <run_address>0x20000630</run_address>
         <size>0x0</size>
      </object_component>
      <object_component id="oc-c5">
         <name>.debug_info</name>
         <load_address>0x0</load_address>
         <run_address>0x0</run_address>
         <size>0x288</size>
         <input_file_ref idref="fl-2"/>
      </object_component>
      <object_component id="oc-2f4">
         <name>.debug_info</name>
         <load_address>0x288</load_address>
         <run_address>0x288</run_address>
         <size>0xc3</size>
         <input_file_ref idref="fl-2"/>
      </object_component>
      <object_component id="oc-1a1">
         <name>.debug_info</name>
         <load_address>0x34b</load_address>
         <run_address>0x34b</run_address>
         <size>0x2bd</size>
         <input_file_ref idref="fl-2"/>
      </object_component>
      <object_component id="oc-1bb">
         <name>.debug_info</name>
         <load_address>0x608</load_address>
         <run_address>0x608</run_address>
         <size>0xd6</size>
         <input_file_ref idref="fl-2"/>
      </object_component>
      <object_component id="oc-77">
         <name>.debug_info</name>
         <load_address>0x6de</load_address>
         <run_address>0x6de</run_address>
         <size>0x26b</size>
         <input_file_ref idref="fl-2"/>
      </object_component>
      <object_component id="oc-34e">
         <name>.debug_info</name>
         <load_address>0x949</load_address>
         <run_address>0x949</run_address>
         <size>0x110</size>
         <input_file_ref idref="fl-2"/>
      </object_component>
      <object_component id="oc-39">
         <name>.debug_info</name>
         <load_address>0xa59</load_address>
         <run_address>0xa59</run_address>
         <size>0x84</size>
         <input_file_ref idref="fl-2"/>
      </object_component>
      <object_component id="oc-c0">
         <name>.debug_info</name>
         <load_address>0xadd</load_address>
         <run_address>0xadd</run_address>
         <size>0x2a4</size>
         <input_file_ref idref="fl-2"/>
      </object_component>
      <object_component id="oc-7c">
         <name>.debug_info</name>
         <load_address>0xd81</load_address>
         <run_address>0xd81</run_address>
         <size>0xbb</size>
         <input_file_ref idref="fl-2"/>
      </object_component>
      <object_component id="oc-195">
         <name>.debug_info</name>
         <load_address>0xe3c</load_address>
         <run_address>0xe3c</run_address>
         <size>0x4cc</size>
         <input_file_ref idref="fl-3"/>
      </object_component>
      <object_component id="oc-1b6">
         <name>.debug_info</name>
         <load_address>0x1308</load_address>
         <run_address>0x1308</run_address>
         <size>0x8b</size>
         <input_file_ref idref="fl-3"/>
      </object_component>
      <object_component id="oc-2ed">
         <name>.debug_info</name>
         <load_address>0x1393</load_address>
         <run_address>0x1393</run_address>
         <size>0x4da</size>
         <input_file_ref idref="fl-4"/>
      </object_component>
      <object_component id="oc-2f0">
         <name>.debug_info</name>
         <load_address>0x186d</load_address>
         <run_address>0x186d</run_address>
         <size>0xc3</size>
         <input_file_ref idref="fl-4"/>
      </object_component>
      <object_component id="oc-19b">
         <name>.debug_info</name>
         <load_address>0x1930</load_address>
         <run_address>0x1930</run_address>
         <size>0x4fd</size>
         <input_file_ref idref="fl-4"/>
      </object_component>
      <object_component id="oc-282">
         <name>.debug_info</name>
         <load_address>0x1e2d</load_address>
         <run_address>0x1e2d</run_address>
         <size>0x2c</size>
         <input_file_ref idref="fl-4"/>
      </object_component>
      <object_component id="oc-307">
         <name>.debug_info</name>
         <load_address>0x1e59</load_address>
         <run_address>0x1e59</run_address>
         <size>0x35</size>
         <input_file_ref idref="fl-4"/>
      </object_component>
      <object_component id="oc-2a2">
         <name>.debug_info</name>
         <load_address>0x1e8e</load_address>
         <run_address>0x1e8e</run_address>
         <size>0x360</size>
         <input_file_ref idref="fl-5"/>
      </object_component>
      <object_component id="oc-299">
         <name>.debug_info</name>
         <load_address>0x21ee</load_address>
         <run_address>0x21ee</run_address>
         <size>0xca</size>
         <input_file_ref idref="fl-5"/>
      </object_component>
      <object_component id="oc-29c">
         <name>.debug_info</name>
         <load_address>0x22b8</load_address>
         <run_address>0x22b8</run_address>
         <size>0xca</size>
         <input_file_ref idref="fl-5"/>
      </object_component>
      <object_component id="oc-29f">
         <name>.debug_info</name>
         <load_address>0x2382</load_address>
         <run_address>0x2382</run_address>
         <size>0xc8</size>
         <input_file_ref idref="fl-5"/>
      </object_component>
      <object_component id="oc-296">
         <name>.debug_info</name>
         <load_address>0x244a</load_address>
         <run_address>0x244a</run_address>
         <size>0xcc</size>
         <input_file_ref idref="fl-5"/>
      </object_component>
      <object_component id="oc-18f">
         <name>.debug_info</name>
         <load_address>0x2516</load_address>
         <run_address>0x2516</run_address>
         <size>0x3f3</size>
         <input_file_ref idref="fl-5"/>
      </object_component>
      <object_component id="oc-215">
         <name>.debug_info</name>
         <load_address>0x2909</load_address>
         <run_address>0x2909</run_address>
         <size>0x2cf</size>
         <input_file_ref idref="fl-6"/>
      </object_component>
      <object_component id="oc-e4">
         <name>.debug_info</name>
         <load_address>0x2bd8</load_address>
         <run_address>0x2bd8</run_address>
         <size>0x320</size>
         <input_file_ref idref="fl-6"/>
      </object_component>
      <object_component id="oc-265">
         <name>.debug_info</name>
         <load_address>0x2ef8</load_address>
         <run_address>0x2ef8</run_address>
         <size>0x86</size>
         <input_file_ref idref="fl-6"/>
      </object_component>
      <object_component id="oc-1b4">
         <name>.debug_info</name>
         <load_address>0x2f7e</load_address>
         <run_address>0x2f7e</run_address>
         <size>0xb11</size>
         <input_file_ref idref="fl-7"/>
      </object_component>
      <object_component id="oc-180">
         <name>.debug_info</name>
         <load_address>0x3a8f</load_address>
         <run_address>0x3a8f</run_address>
         <size>0xcc</size>
         <input_file_ref idref="fl-7"/>
      </object_component>
      <object_component id="oc-17a">
         <name>.debug_info</name>
         <load_address>0x3b5b</load_address>
         <run_address>0x3b5b</run_address>
         <size>0xce</size>
         <input_file_ref idref="fl-7"/>
      </object_component>
      <object_component id="oc-17d">
         <name>.debug_info</name>
         <load_address>0x3c29</load_address>
         <run_address>0x3c29</run_address>
         <size>0x2b8</size>
         <input_file_ref idref="fl-7"/>
      </object_component>
      <object_component id="oc-a4">
         <name>.debug_info</name>
         <load_address>0x3ee1</load_address>
         <run_address>0x3ee1</run_address>
         <size>0xeb0</size>
         <input_file_ref idref="fl-7"/>
      </object_component>
      <object_component id="oc-27d">
         <name>.debug_info</name>
         <load_address>0x4d91</load_address>
         <run_address>0x4d91</run_address>
         <size>0x196</size>
         <input_file_ref idref="fl-7"/>
      </object_component>
      <object_component id="oc-32">
         <name>.debug_info</name>
         <load_address>0x4f27</load_address>
         <run_address>0x4f27</run_address>
         <size>0x2a2</size>
         <input_file_ref idref="fl-8"/>
      </object_component>
      <object_component id="oc-13">
         <name>.debug_info</name>
         <load_address>0x51c9</load_address>
         <run_address>0x51c9</run_address>
         <size>0xe1</size>
         <input_file_ref idref="fl-8"/>
      </object_component>
      <object_component id="oc-2b">
         <name>.debug_info</name>
         <load_address>0x52aa</load_address>
         <run_address>0x52aa</run_address>
         <size>0x25d</size>
         <input_file_ref idref="fl-8"/>
      </object_component>
      <object_component id="oc-27c">
         <name>.debug_info</name>
         <load_address>0x5507</load_address>
         <run_address>0x5507</run_address>
         <size>0x2e3</size>
         <input_file_ref idref="fl-9"/>
      </object_component>
      <object_component id="oc-270">
         <name>.debug_info</name>
         <load_address>0x57ea</load_address>
         <run_address>0x57ea</run_address>
         <size>0xea</size>
         <input_file_ref idref="fl-9"/>
      </object_component>
      <object_component id="oc-273">
         <name>.debug_info</name>
         <load_address>0x58d4</load_address>
         <run_address>0x58d4</run_address>
         <size>0xfb</size>
         <input_file_ref idref="fl-9"/>
      </object_component>
      <object_component id="oc-276">
         <name>.debug_info</name>
         <load_address>0x59cf</load_address>
         <run_address>0x59cf</run_address>
         <size>0xf7</size>
         <input_file_ref idref="fl-9"/>
      </object_component>
      <object_component id="oc-279">
         <name>.debug_info</name>
         <load_address>0x5ac6</load_address>
         <run_address>0x5ac6</run_address>
         <size>0xf7</size>
         <input_file_ref idref="fl-9"/>
      </object_component>
      <object_component id="oc-185">
         <name>.debug_info</name>
         <load_address>0x5bbd</load_address>
         <run_address>0x5bbd</run_address>
         <size>0x1353</size>
         <input_file_ref idref="fl-9"/>
      </object_component>
      <object_component id="oc-294">
         <name>.debug_info</name>
         <load_address>0x6f10</load_address>
         <run_address>0x6f10</run_address>
         <size>0x340</size>
         <input_file_ref idref="fl-a"/>
      </object_component>
      <object_component id="oc-189">
         <name>.debug_info</name>
         <load_address>0x7250</load_address>
         <run_address>0x7250</run_address>
         <size>0x2eb</size>
         <input_file_ref idref="fl-a"/>
      </object_component>
      <object_component id="oc-46e">
         <name>.debug_info</name>
         <load_address>0x753b</load_address>
         <run_address>0x753b</run_address>
         <size>0xd5</size>
         <input_file_ref idref="fl-b"/>
      </object_component>
      <object_component id="oc-3d7">
         <name>.debug_info</name>
         <load_address>0x7610</load_address>
         <run_address>0x7610</run_address>
         <size>0xe9</size>
         <input_file_ref idref="fl-b"/>
      </object_component>
      <object_component id="oc-471">
         <name>.debug_info</name>
         <load_address>0x76f9</load_address>
         <run_address>0x76f9</run_address>
         <size>0xd2</size>
         <input_file_ref idref="fl-c"/>
      </object_component>
      <object_component id="oc-3dd">
         <name>.debug_info</name>
         <load_address>0x77cb</load_address>
         <run_address>0x77cb</run_address>
         <size>0xe4</size>
         <input_file_ref idref="fl-c"/>
      </object_component>
      <object_component id="oc-392">
         <name>.debug_info</name>
         <load_address>0x78af</load_address>
         <run_address>0x78af</run_address>
         <size>0x842</size>
         <input_file_ref idref="fl-d"/>
      </object_component>
      <object_component id="oc-28e">
         <name>.debug_info</name>
         <load_address>0x80f1</load_address>
         <run_address>0x80f1</run_address>
         <size>0xbd0</size>
         <input_file_ref idref="fl-d"/>
      </object_component>
      <object_component id="oc-38c">
         <name>.debug_info</name>
         <load_address>0x8cc1</load_address>
         <run_address>0x8cc1</run_address>
         <size>0x4bf</size>
         <input_file_ref idref="fl-e"/>
      </object_component>
      <object_component id="oc-28a">
         <name>.debug_info</name>
         <load_address>0x9180</load_address>
         <run_address>0x9180</run_address>
         <size>0x8a3</size>
         <input_file_ref idref="fl-e"/>
      </object_component>
      <object_component id="oc-447">
         <name>.debug_info</name>
         <load_address>0x9a23</load_address>
         <run_address>0x9a23</run_address>
         <size>0x499</size>
         <input_file_ref idref="fl-f"/>
      </object_component>
      <object_component id="oc-387">
         <name>.debug_info</name>
         <load_address>0x9ebc</load_address>
         <run_address>0x9ebc</run_address>
         <size>0x1b15</size>
         <input_file_ref idref="fl-f"/>
      </object_component>
      <object_component id="oc-39c">
         <name>.debug_info</name>
         <load_address>0xb9d1</load_address>
         <run_address>0xb9d1</run_address>
         <size>0x236</size>
         <input_file_ref idref="fl-10"/>
      </object_component>
      <object_component id="oc-206">
         <name>.debug_info</name>
         <load_address>0xbc07</load_address>
         <run_address>0xbc07</run_address>
         <size>0x3ba</size>
         <input_file_ref idref="fl-16"/>
      </object_component>
      <object_component id="oc-fc">
         <name>.debug_info</name>
         <load_address>0xbfc1</load_address>
         <run_address>0xbfc1</run_address>
         <size>0x33c</size>
         <input_file_ref idref="fl-16"/>
      </object_component>
      <object_component id="oc-102">
         <name>.debug_info</name>
         <load_address>0xc2fd</load_address>
         <run_address>0xc2fd</run_address>
         <size>0x2a9</size>
         <input_file_ref idref="fl-16"/>
      </object_component>
      <object_component id="oc-de">
         <name>.debug_info</name>
         <load_address>0xc5a6</load_address>
         <run_address>0xc5a6</run_address>
         <size>0x308</size>
         <input_file_ref idref="fl-16"/>
      </object_component>
      <object_component id="oc-f6">
         <name>.debug_info</name>
         <load_address>0xc8ae</load_address>
         <run_address>0xc8ae</run_address>
         <size>0x32f</size>
         <input_file_ref idref="fl-16"/>
      </object_component>
      <object_component id="oc-d9">
         <name>.debug_info</name>
         <load_address>0xcbdd</load_address>
         <run_address>0xcbdd</run_address>
         <size>0x2ad</size>
         <input_file_ref idref="fl-16"/>
      </object_component>
      <object_component id="oc-21e">
         <name>.debug_info</name>
         <load_address>0xce8a</load_address>
         <run_address>0xce8a</run_address>
         <size>0x2c8</size>
         <input_file_ref idref="fl-16"/>
      </object_component>
      <object_component id="oc-108">
         <name>.debug_info</name>
         <load_address>0xd152</load_address>
         <run_address>0xd152</run_address>
         <size>0x2e8</size>
         <input_file_ref idref="fl-16"/>
      </object_component>
      <object_component id="oc-10e">
         <name>.debug_info</name>
         <load_address>0xd43a</load_address>
         <run_address>0xd43a</run_address>
         <size>0x29f</size>
         <input_file_ref idref="fl-16"/>
      </object_component>
      <object_component id="oc-ea">
         <name>.debug_info</name>
         <load_address>0xd6d9</load_address>
         <run_address>0xd6d9</run_address>
         <size>0x29d</size>
         <input_file_ref idref="fl-16"/>
      </object_component>
      <object_component id="oc-333">
         <name>.debug_info</name>
         <load_address>0xd976</load_address>
         <run_address>0xd976</run_address>
         <size>0x26b</size>
         <input_file_ref idref="fl-16"/>
      </object_component>
      <object_component id="oc-32c">
         <name>.debug_info</name>
         <load_address>0xdbe1</load_address>
         <run_address>0xdbe1</run_address>
         <size>0x297</size>
         <input_file_ref idref="fl-16"/>
      </object_component>
      <object_component id="oc-22f">
         <name>.debug_info</name>
         <load_address>0xde78</load_address>
         <run_address>0xde78</run_address>
         <size>0xef</size>
         <input_file_ref idref="fl-16"/>
      </object_component>
      <object_component id="oc-201">
         <name>.debug_info</name>
         <load_address>0xdf67</load_address>
         <run_address>0xdf67</run_address>
         <size>0xbb</size>
         <input_file_ref idref="fl-16"/>
      </object_component>
      <object_component id="oc-236">
         <name>.debug_info</name>
         <load_address>0xe022</load_address>
         <run_address>0xe022</run_address>
         <size>0x3e4</size>
         <input_file_ref idref="fl-17"/>
      </object_component>
      <object_component id="oc-368">
         <name>.debug_info</name>
         <load_address>0xe406</load_address>
         <run_address>0xe406</run_address>
         <size>0x170</size>
         <input_file_ref idref="fl-17"/>
      </object_component>
      <object_component id="oc-36b">
         <name>.debug_info</name>
         <load_address>0xe576</load_address>
         <run_address>0xe576</run_address>
         <size>0x172</size>
         <input_file_ref idref="fl-17"/>
      </object_component>
      <object_component id="oc-3f1">
         <name>.debug_info</name>
         <load_address>0xe6e8</load_address>
         <run_address>0xe6e8</run_address>
         <size>0x164</size>
         <input_file_ref idref="fl-17"/>
      </object_component>
      <object_component id="oc-3b9">
         <name>.debug_info</name>
         <load_address>0xe84c</load_address>
         <run_address>0xe84c</run_address>
         <size>0x2ac</size>
         <input_file_ref idref="fl-17"/>
      </object_component>
      <object_component id="oc-23a">
         <name>.debug_info</name>
         <load_address>0xeaf8</load_address>
         <run_address>0xeaf8</run_address>
         <size>0x2bc</size>
         <input_file_ref idref="fl-17"/>
      </object_component>
      <object_component id="oc-240">
         <name>.debug_info</name>
         <load_address>0xedb4</load_address>
         <run_address>0xedb4</run_address>
         <size>0x31f</size>
         <input_file_ref idref="fl-17"/>
      </object_component>
      <object_component id="oc-2d0">
         <name>.debug_info</name>
         <load_address>0xf0d3</load_address>
         <run_address>0xf0d3</run_address>
         <size>0x29b</size>
         <input_file_ref idref="fl-17"/>
      </object_component>
      <object_component id="oc-3a2">
         <name>.debug_info</name>
         <load_address>0xf36e</load_address>
         <run_address>0xf36e</run_address>
         <size>0x299</size>
         <input_file_ref idref="fl-17"/>
      </object_component>
      <object_component id="oc-2bc">
         <name>.debug_info</name>
         <load_address>0xf607</load_address>
         <run_address>0xf607</run_address>
         <size>0x299</size>
         <input_file_ref idref="fl-17"/>
      </object_component>
      <object_component id="oc-3bf">
         <name>.debug_info</name>
         <load_address>0xf8a0</load_address>
         <run_address>0xf8a0</run_address>
         <size>0x2c0</size>
         <input_file_ref idref="fl-17"/>
      </object_component>
      <object_component id="oc-11f">
         <name>.debug_info</name>
         <load_address>0xfb60</load_address>
         <run_address>0xfb60</run_address>
         <size>0x2a5</size>
         <input_file_ref idref="fl-17"/>
      </object_component>
      <object_component id="oc-113">
         <name>.debug_info</name>
         <load_address>0xfe05</load_address>
         <run_address>0xfe05</run_address>
         <size>0x284</size>
         <input_file_ref idref="fl-17"/>
      </object_component>
      <object_component id="oc-2b6">
         <name>.debug_info</name>
         <load_address>0x10089</load_address>
         <run_address>0x10089</run_address>
         <size>0x289</size>
         <input_file_ref idref="fl-17"/>
      </object_component>
      <object_component id="oc-247">
         <name>.debug_info</name>
         <load_address>0x10312</load_address>
         <run_address>0x10312</run_address>
         <size>0x2a1</size>
         <input_file_ref idref="fl-17"/>
      </object_component>
      <object_component id="oc-125">
         <name>.debug_info</name>
         <load_address>0x105b3</load_address>
         <run_address>0x105b3</run_address>
         <size>0x2c4</size>
         <input_file_ref idref="fl-17"/>
      </object_component>
      <object_component id="oc-12b">
         <name>.debug_info</name>
         <load_address>0x10877</load_address>
         <run_address>0x10877</run_address>
         <size>0x2d8</size>
         <input_file_ref idref="fl-17"/>
      </object_component>
      <object_component id="oc-131">
         <name>.debug_info</name>
         <load_address>0x10b4f</load_address>
         <run_address>0x10b4f</run_address>
         <size>0x298</size>
         <input_file_ref idref="fl-17"/>
      </object_component>
      <object_component id="oc-119">
         <name>.debug_info</name>
         <load_address>0x10de7</load_address>
         <run_address>0x10de7</run_address>
         <size>0x296</size>
         <input_file_ref idref="fl-17"/>
      </object_component>
      <object_component id="oc-35e">
         <name>.debug_info</name>
         <load_address>0x1107d</load_address>
         <run_address>0x1107d</run_address>
         <size>0x3b7</size>
         <input_file_ref idref="fl-18"/>
      </object_component>
      <object_component id="oc-360">
         <name>.debug_info</name>
         <load_address>0x11434</load_address>
         <run_address>0x11434</run_address>
         <size>0x15b</size>
         <input_file_ref idref="fl-18"/>
      </object_component>
      <object_component id="oc-35b">
         <name>.debug_info</name>
         <load_address>0x1158f</load_address>
         <run_address>0x1158f</run_address>
         <size>0x160</size>
         <input_file_ref idref="fl-18"/>
      </object_component>
      <object_component id="oc-224">
         <name>.debug_info</name>
         <load_address>0x116ef</load_address>
         <run_address>0x116ef</run_address>
         <size>0x2ca</size>
         <input_file_ref idref="fl-18"/>
      </object_component>
      <object_component id="oc-1a8">
         <name>.debug_info</name>
         <load_address>0x119b9</load_address>
         <run_address>0x119b9</run_address>
         <size>0x247</size>
         <input_file_ref idref="fl-18"/>
      </object_component>
      <object_component id="oc-1af">
         <name>.debug_info</name>
         <load_address>0x11c00</load_address>
         <run_address>0x11c00</run_address>
         <size>0x249</size>
         <input_file_ref idref="fl-18"/>
      </object_component>
      <object_component id="oc-22a">
         <name>.debug_info</name>
         <load_address>0x11e49</load_address>
         <run_address>0x11e49</run_address>
         <size>0x271</size>
         <input_file_ref idref="fl-18"/>
      </object_component>
      <object_component id="oc-259">
         <name>.debug_info</name>
         <load_address>0x120ba</load_address>
         <run_address>0x120ba</run_address>
         <size>0x396</size>
         <input_file_ref idref="fl-19"/>
      </object_component>
      <object_component id="oc-2aa">
         <name>.debug_info</name>
         <load_address>0x12450</load_address>
         <run_address>0x12450</run_address>
         <size>0x2ff</size>
         <input_file_ref idref="fl-19"/>
      </object_component>
      <object_component id="oc-15b">
         <name>.debug_info</name>
         <load_address>0x1274f</load_address>
         <run_address>0x1274f</run_address>
         <size>0x2cd</size>
         <input_file_ref idref="fl-19"/>
      </object_component>
      <object_component id="oc-2a4">
         <name>.debug_info</name>
         <load_address>0x12a1c</load_address>
         <run_address>0x12a1c</run_address>
         <size>0x2bf</size>
         <input_file_ref idref="fl-19"/>
      </object_component>
      <object_component id="oc-2c9">
         <name>.debug_info</name>
         <load_address>0x12cdb</load_address>
         <run_address>0x12cdb</run_address>
         <size>0x27f</size>
         <input_file_ref idref="fl-19"/>
      </object_component>
      <object_component id="oc-2c2">
         <name>.debug_info</name>
         <load_address>0x12f5a</load_address>
         <run_address>0x12f5a</run_address>
         <size>0x2bc</size>
         <input_file_ref idref="fl-19"/>
      </object_component>
      <object_component id="oc-464">
         <name>.debug_info</name>
         <load_address>0x13216</load_address>
         <run_address>0x13216</run_address>
         <size>0x3c0</size>
         <input_file_ref idref="fl-1a"/>
      </object_component>
      <object_component id="oc-3b3">
         <name>.debug_info</name>
         <load_address>0x135d6</load_address>
         <run_address>0x135d6</run_address>
         <size>0x24b</size>
         <input_file_ref idref="fl-1a"/>
      </object_component>
      <object_component id="oc-3cb">
         <name>.debug_info</name>
         <load_address>0x13821</load_address>
         <run_address>0x13821</run_address>
         <size>0x27f</size>
         <input_file_ref idref="fl-1a"/>
      </object_component>
      <object_component id="oc-3d2">
         <name>.debug_info</name>
         <load_address>0x13aa0</load_address>
         <run_address>0x13aa0</run_address>
         <size>0x283</size>
         <input_file_ref idref="fl-1a"/>
      </object_component>
      <object_component id="oc-3ae">
         <name>.debug_info</name>
         <load_address>0x13d23</load_address>
         <run_address>0x13d23</run_address>
         <size>0x3e2</size>
         <input_file_ref idref="fl-1a"/>
      </object_component>
      <object_component id="oc-3a7">
         <name>.debug_info</name>
         <load_address>0x14105</load_address>
         <run_address>0x14105</run_address>
         <size>0x295</size>
         <input_file_ref idref="fl-1a"/>
      </object_component>
      <object_component id="oc-3c5">
         <name>.debug_info</name>
         <load_address>0x1439a</load_address>
         <run_address>0x1439a</run_address>
         <size>0x24b</size>
         <input_file_ref idref="fl-1a"/>
      </object_component>
      <object_component id="oc-218">
         <name>.debug_info</name>
         <load_address>0x145e5</load_address>
         <run_address>0x145e5</run_address>
         <size>0x441</size>
         <input_file_ref idref="fl-1b"/>
      </object_component>
      <object_component id="oc-250">
         <name>.debug_info</name>
         <load_address>0x14a26</load_address>
         <run_address>0x14a26</run_address>
         <size>0x156</size>
         <input_file_ref idref="fl-1b"/>
      </object_component>
      <object_component id="oc-2b1">
         <name>.debug_info</name>
         <load_address>0x14b7c</load_address>
         <run_address>0x14b7c</run_address>
         <size>0x29e</size>
         <input_file_ref idref="fl-1b"/>
      </object_component>
      <object_component id="oc-f0">
         <name>.debug_info</name>
         <load_address>0x14e1a</load_address>
         <run_address>0x14e1a</run_address>
         <size>0x286</size>
         <input_file_ref idref="fl-1b"/>
      </object_component>
      <object_component id="oc-137">
         <name>.debug_info</name>
         <load_address>0x150a0</load_address>
         <run_address>0x150a0</run_address>
         <size>0x2e4</size>
         <input_file_ref idref="fl-1b"/>
      </object_component>
      <object_component id="oc-13d">
         <name>.debug_info</name>
         <load_address>0x15384</load_address>
         <run_address>0x15384</run_address>
         <size>0x2be</size>
         <input_file_ref idref="fl-1b"/>
      </object_component>
      <object_component id="oc-355">
         <name>.debug_info</name>
         <load_address>0x15642</load_address>
         <run_address>0x15642</run_address>
         <size>0x51</size>
         <input_file_ref idref="fl-1b"/>
      </object_component>
      <object_component id="oc-254">
         <name>.debug_info</name>
         <load_address>0x15693</load_address>
         <run_address>0x15693</run_address>
         <size>0x346</size>
         <input_file_ref idref="fl-1c"/>
      </object_component>
      <object_component id="oc-143">
         <name>.debug_info</name>
         <load_address>0x159d9</load_address>
         <run_address>0x159d9</run_address>
         <size>0x26a</size>
         <input_file_ref idref="fl-1c"/>
      </object_component>
      <object_component id="oc-149">
         <name>.debug_info</name>
         <load_address>0x15c43</load_address>
         <run_address>0x15c43</run_address>
         <size>0x280</size>
         <input_file_ref idref="fl-1c"/>
      </object_component>
      <object_component id="oc-14f">
         <name>.debug_info</name>
         <load_address>0x15ec3</load_address>
         <run_address>0x15ec3</run_address>
         <size>0x230</size>
         <input_file_ref idref="fl-1c"/>
      </object_component>
      <object_component id="oc-155">
         <name>.debug_info</name>
         <load_address>0x160f3</load_address>
         <run_address>0x160f3</run_address>
         <size>0x22a</size>
         <input_file_ref idref="fl-1c"/>
      </object_component>
      <object_component id="oc-492">
         <name>.debug_info</name>
         <load_address>0x1631d</load_address>
         <run_address>0x1631d</run_address>
         <size>0x3c7</size>
         <input_file_ref idref="fl-1d"/>
      </object_component>
      <object_component id="oc-45d">
         <name>.debug_info</name>
         <load_address>0x166e4</load_address>
         <run_address>0x166e4</run_address>
         <size>0x293</size>
         <input_file_ref idref="fl-1d"/>
      </object_component>
      <object_component id="oc-456">
         <name>.debug_info</name>
         <load_address>0x16977</load_address>
         <run_address>0x16977</run_address>
         <size>0x288</size>
         <input_file_ref idref="fl-1d"/>
      </object_component>
      <object_component id="oc-450">
         <name>.debug_info</name>
         <load_address>0x16bff</load_address>
         <run_address>0x16bff</run_address>
         <size>0x295</size>
         <input_file_ref idref="fl-1d"/>
      </object_component>
      <object_component id="oc-3ff">
         <name>.debug_info</name>
         <load_address>0x16e94</load_address>
         <run_address>0x16e94</run_address>
         <size>0x3cb</size>
         <input_file_ref idref="fl-1e"/>
      </object_component>
      <object_component id="oc-2db">
         <name>.debug_info</name>
         <load_address>0x1725f</load_address>
         <run_address>0x1725f</run_address>
         <size>0x258</size>
         <input_file_ref idref="fl-1e"/>
      </object_component>
      <object_component id="oc-2e1">
         <name>.debug_info</name>
         <load_address>0x174b7</load_address>
         <run_address>0x174b7</run_address>
         <size>0x250</size>
[...]
      </symbol>
      <symbol id="sm-44d">
         <name>OrbitOledMoveUp</name>
         <value>0x1725</value>
         <object_component_ref idref="oc-385"/>
      </symbol>
      <symbol id="sm-44e">
         <name>OrbitOledMoveTo</name>
         <value>0xef1</value>
         <object_component_ref idref="oc-385"/>
      </symbol>
      <symbol id="sm-44f">
         <name>OrbitOledGetDrawMode</name>
         <value>0xfe1</value>
         <object_component_ref idref="oc-385"/>
      </symbol>
      <symbol id="sm-450">
         <name>OrbitOledDrawPixel</name>
         <value>0xfe7</value>
         <object_component_ref idref="oc-385"/>
      </symbol>
      <symbol id="sm-451">
         <name>OrbitOledDrawString</name>
         <value>0x166f</value>
         <object_component_ref idref="oc-385"/>
      </symbol>
      <symbol id="sm-452">
         <name>OrbitOledDrawChar</name>
         <value>0x1615</value>
         <object_component_ref idref="oc-385"/>
      </symbol>
      <symbol id="sm-453">
         <name>OrbitOledMoveDown</name>
         <value>0x1757</value>
         <object_component_ref idref="oc-385"/>
      </symbol>
      <symbol id="sm-454">
         <name>OrbitOledMoveRight</name>
         <value>0x17a5</value>
         <object_component_ref idref="oc-385"/>
      </symbol>
      <symbol id="sm-455">
         <name>OrbitOledFillRect</name>
         <value>0x11b1</value>
         <object_component_ref idref="oc-385"/>
      </symbol>
      <symbol id="sm-456">
         <name>OrbitOledLineTo</name>
         <value>0x102d</value>
         <object_component_ref idref="oc-385"/>
      </symbol>
      <symbol id="sm-457">
         <name>OrbitOledGetStdPattern</name>
         <value>0xf6b</value>
         <object_component_ref idref="oc-385"/>
      </symbol>
      <symbol id="sm-458">
         <name>OrbitOledSetDrawColor</name>
         <value>0xf53</value>
         <object_component_ref idref="oc-385"/>
      </symbol>
      <symbol id="sm-459">
         <name>OrbitOledDrawRect</name>
         <value>0x112d</value>
         <object_component_ref idref="oc-385"/>
      </symbol>
      <symbol id="sm-45a">
         <name>OrbitOledClampYco</name>
         <value>0x17df</value>
         <object_component_ref idref="oc-385"/>
      </symbol>
      <symbol id="sm-45b">
         <name>OrbitOledGetPos</name>
         <value>0xf37</value>
         <object_component_ref idref="oc-385"/>
      </symbol>
      <symbol id="sm-45c">
         <name>OrbitOledRopSet</name>
         <value>0x168d</value>
         <object_component_ref idref="oc-385"/>
      </symbol>
      <symbol id="sm-45d">
         <name>OrbitOledRopXor</name>
         <value>0x16ff</value>
         <object_component_ref idref="oc-385"/>
      </symbol>
      <symbol id="sm-45e">
         <name>OrbitOledGetBmp</name>
         <value>0x12f5</value>
         <object_component_ref idref="oc-385"/>
      </symbol>
      <symbol id="sm-45f">
         <name>OrbitOledMoveLeft</name>
         <value>0x178d</value>
         <object_component_ref idref="oc-385"/>
      </symbol>
      <symbol id="sm-460">
         <name>OrbitOledRopAnd</name>
         <value>0x16db</value>
         <object_component_ref idref="oc-385"/>
      </symbol>
      <symbol id="sm-461">
         <name>OrbitOledPutBmp</name>
         <value>0x1441</value>
         <object_component_ref idref="oc-385"/>
      </symbol>
      <symbol id="sm-462">
         <name>OrbitOledSetDrawMode</name>
         <value>0xf8d</value>
         <object_component_ref idref="oc-385"/>
      </symbol>
      <symbol id="sm-463">
         <name>OrbitOledClampXco</name>
         <value>0x17bf</value>
         <object_component_ref idref="oc-385"/>
      </symbol>
      <symbol id="sm-464">
         <name>OrbitOledSetFillPattern</name>
         <value>0xf7d</value>
         <object_component_ref idref="oc-385"/>
      </symbol>
      <symbol id="sm-465">
         <name>OrbitOledRopOr</name>
         <value>0x16b7</value>
         <object_component_ref idref="oc-385"/>
      </symbol>
      <symbol id="sm-477">
         <name>DelayMs</name>
         <value>0x38cb</value>
         <object_component_ref idref="oc-39a"/>
      </symbol>
      <symbol id="sm-478">
         <name>DelayInit</name>
         <value>0x38b1</value>
         <object_component_ref idref="oc-39a"/>
      </symbol>
      <symbol id="sm-4ea">
         <name>ADCProcessorTrigger</name>
         <value>0x3eab</value>
         <object_component_ref idref="oc-d6"/>
      </symbol>
      <symbol id="sm-4eb">
         <name>ADCSequenceEnable</name>
         <value>0x3fd5</value>
         <object_component_ref idref="oc-100"/>
      </symbol>
      <symbol id="sm-4ec">
         <name>ADCSequenceConfigure</name>
         <value>0x3a05</value>
         <object_component_ref idref="oc-f4"/>
      </symbol>
      <symbol id="sm-4ed">
         <name>ADCIntEnable</name>
         <value>0x3f83</value>
         <object_component_ref idref="oc-10c"/>
      </symbol>
      <symbol id="sm-4ee">
         <name>ADCSequenceStepConfigure</name>
         <value>0x361d</value>
         <object_component_ref idref="oc-fa"/>
      </symbol>
      <symbol id="sm-4ef">
         <name>ADCIntClear</name>
         <value>0x4053</value>
         <object_component_ref idref="oc-e8"/>
      </symbol>
      <symbol id="sm-4f0">
         <name>ADCIntRegister</name>
         <value>0x3e93</value>
         <object_component_ref idref="oc-106"/>
      </symbol>
      <symbol id="sm-4f1">
         <name>ADCSequenceDataGet</name>
         <value>0x3e05</value>
         <object_component_ref idref="oc-dc"/>
      </symbol>
      <symbol id="sm-59a">
         <name>GPIOPinTypePWM</name>
         <value>0x3ef1</value>
         <object_component_ref idref="oc-2bb"/>
      </symbol>
      <symbol id="sm-59b">
         <name>GPIOIntRegister</name>
         <value>0x3ec3</value>
         <object_component_ref idref="oc-12a"/>
      </symbol>
      <symbol id="sm-59c">
         <name>GPIOPinConfigure</name>
         <value>0x3a55</value>
         <object_component_ref idref="oc-2b5"/>
      </symbol>
      <symbol id="sm-59d">
         <name>GPIOIntEnable</name>
         <value>0x4017</value>
         <object_component_ref idref="oc-130"/>
      </symbol>
      <symbol id="sm-59e">
         <name>GPIOIntTypeSet</name>
         <value>0x390d</value>
         <object_component_ref idref="oc-124"/>
      </symbol>
      <symbol id="sm-59f">
         <name>GPIOPinTypeGPIOInput</name>
         <value>0x3edb</value>
         <object_component_ref idref="oc-11e"/>
      </symbol>
      <symbol id="sm-5a0">
         <name>GPIOIntClear</name>
         <value>0x409f</value>
         <object_component_ref idref="oc-118"/>
      </symbol>
      <symbol id="sm-5a1">
         <name>GPIOPinTypeUART</name>
         <value>0x3f1d</value>
         <object_component_ref idref="oc-2ce"/>
      </symbol>
      <symbol id="sm-5a2">
         <name>GPIOPinTypeGPIOOutput</name>
         <value>0x3e79</value>
         <object_component_ref idref="oc-3be"/>
      </symbol>
      <symbol id="sm-5a3">
         <name>GPIOPinRead</name>
         <value>0x40a5</value>
         <object_component_ref idref="oc-112"/>
      </symbol>
      <symbol id="sm-5a4">
         <name>GPIODirModeSet</name>
         <value>0x3d4d</value>
         <object_component_ref idref="oc-238"/>
      </symbol>
      <symbol id="sm-5a5">
         <name>GPIOPinWrite</name>
         <value>0x40ab</value>
         <object_component_ref idref="oc-3b8"/>
      </symbol>
      <symbol id="sm-5a6">
         <name>GPIOPadConfigSet</name>
         <value>0x2b31</value>
         <object_component_ref idref="oc-23e"/>
      </symbol>
      <symbol id="sm-5a7">
         <name>GPIOPinTypeSSI</name>
         <value>0x3f07</value>
         <object_component_ref idref="oc-3a0"/>
      </symbol>
      <symbol id="sm-5ea">
         <name>IntEnable</name>
         <value>0x3781</value>
         <object_component_ref idref="oc-228"/>
      </symbol>
      <symbol id="sm-5eb">
         <name>IntRegister</name>
         <value>0x3cb1</value>
         <object_component_ref idref="oc-222"/>
      </symbol>
      <symbol id="sm-5ec">
         <name>IntMasterDisable</name>
         <value>0x3f93</value>
         <object_component_ref idref="oc-1ad"/>
      </symbol>
      <symbol id="sm-5ed">
         <name>g_pfnRAMVectors</name>
         <value>0x20000000</value>
         <object_component_ref idref="oc-35a"/>
      </symbol>
      <symbol id="sm-5ee">
         <name>IntMasterEnable</name>
         <value>0x3fa3</value>
         <object_component_ref idref="oc-1a6"/>
      </symbol>
      <symbol id="sm-61b">
         <name>PWMGenPeriodSet</name>
         <value>0x3fb3</value>
         <object_component_ref idref="oc-2a3"/>
      </symbol>
      <symbol id="sm-61c">
         <name>PWMPulseWidthSet</name>
         <value>0x3e23</value>
         <object_component_ref idref="oc-2a9"/>
      </symbol>
      <symbol id="sm-61d">
         <name>PWMOutputState</name>
         <value>0x3f71</value>
         <object_component_ref idref="oc-15a"/>
      </symbol>
      <symbol id="sm-61e">
         <name>PWMGenEnable</name>
         <value>0x4023</value>
         <object_component_ref idref="oc-2c7"/>
      </symbol>
      <symbol id="sm-61f">
         <name>PWMGenConfigure</name>
         <value>0x3da1</value>
         <object_component_ref idref="oc-2c1"/>
      </symbol>
      <symbol id="sm-657">
         <name>SSIDataPut</name>
         <value>0x405d</value>
         <object_component_ref idref="oc-3ca"/>
      </symbol>
      <symbol id="sm-658">
         <name>SSIDataGet</name>
         <value>0x402f</value>
         <object_component_ref idref="oc-3d0"/>
      </symbol>
      <symbol id="sm-659">
         <name>SSIConfigSetExpClk</name>
         <value>0x3c3d</value>
         <object_component_ref idref="oc-3ac"/>
      </symbol>
      <symbol id="sm-65a">
         <name>SSIEnable</name>
         <value>0x4067</value>
         <object_component_ref idref="oc-3b2"/>
      </symbol>
      <symbol id="sm-65b">
         <name>SSIClockSourceSet</name>
         <value>0x40b1</value>
         <object_component_ref idref="oc-3a6"/>
      </symbol>
      <symbol id="sm-65c">
         <name>SSIBusy</name>
         <value>0x408f</value>
         <object_component_ref idref="oc-3c4"/>
      </symbol>
      <symbol id="sm-6bb">
         <name>SysCtlClockSet</name>
         <value>0x3215</value>
         <object_component_ref idref="oc-136"/>
      </symbol>
      <symbol id="sm-6bc">
         <name>SysCtlDelay</name>
         <value>0x40b7</value>
         <object_component_ref idref="oc-1ac"/>
      </symbol>
      <symbol id="sm-6bd">
         <name>SysCtlPeripheralEnable</name>
         <value>0x3ce5</value>
         <object_component_ref idref="oc-ee"/>
      </symbol>
      <symbol id="sm-6be">
         <name>SysCtlClockGet</name>
         <value>0x2ef9</value>
         <object_component_ref idref="oc-13c"/>
      </symbol>
      <symbol id="sm-6bf">
         <name>SysCtlPeripheralReset</name>
         <value>0x3965</value>
         <object_component_ref idref="oc-2af"/>
      </symbol>
      <symbol id="sm-6ec">
         <name>SysTickEnable</name>
         <value>0x3f35</value>
         <object_component_ref idref="oc-154"/>
      </symbol>
      <symbol id="sm-6ed">
         <name>SysTickIntRegister</name>
         <value>0x3e41</value>
         <object_component_ref idref="oc-148"/>
      </symbol>
      <symbol id="sm-6ee">
         <name>SysTickIntEnable</name>
         <value>0x3f49</value>
         <object_component_ref idref="oc-14e"/>
      </symbol>
      <symbol id="sm-6ef">
         <name>SysTickPeriodSet</name>
         <value>0x3fc5</value>
         <object_component_ref idref="oc-142"/>
      </symbol>
      <symbol id="sm-713">
         <name>TimerEnable</name>
         <value>0x3fe3</value>
         <object_component_ref idref="oc-455"/>
      </symbol>
      <symbol id="sm-714">
         <name>TimerValueGet</name>
         <value>0x4071</value>
         <object_component_ref idref="oc-45b"/>
      </symbol>
      <symbol id="sm-715">
         <name>TimerConfigure</name>
         <value>0x3851</value>
         <object_component_ref idref="oc-44f"/>
      </symbol>
      <symbol id="sm-747">
         <name>UARTConfigSetExpClk</name>
         <value>0x3ae9</value>
         <object_component_ref idref="oc-2d4"/>
      </symbol>
      <symbol id="sm-748">
         <name>UARTDisable</name>
         <value>0x3dc5</value>
         <object_component_ref idref="oc-3f8"/>
      </symbol>
      <symbol id="sm-749">
         <name>UARTCharPut</name>
         <value>0x407b</value>
         <object_component_ref idref="oc-2e6"/>
      </symbol>
      <symbol id="sm-74a">
         <name>UARTEnable</name>
         <value>0x3f5d</value>
         <object_component_ref idref="oc-2e0"/>
      </symbol>
      <symbol id="sm-74b">
         <name>UARTFIFOEnable</name>
         <value>0x4085</value>
         <object_component_ref idref="oc-2da"/>
      </symbol>
      <symbol id="sm-75d">
         <name>CPUcpsie</name>
         <value>0x400b</value>
         <object_component_ref idref="oc-2f7"/>
      </symbol>
      <symbol id="sm-75e">
         <name>CPUcpsid</name>
         <value>0x3fff</value>
         <object_component_ref idref="oc-2fe"/>
      </symbol>
      <symbol id="sm-775">
         <name>__aeabi_dsub</name>
         <value>0x2979</value>
         <object_component_ref idref="oc-165"/>
      </symbol>
      <symbol id="sm-776">
         <name>__aeabi_dadd</name>
         <value>0x2983</value>
         <object_component_ref idref="oc-165"/>
      </symbol>
      <symbol id="sm-78a">
         <name>__aeabi_ddiv</name>
         <value>0x2c9d</value>
         <object_component_ref idref="oc-16a"/>
      </symbol>
      <symbol id="sm-795">
         <name>__aeabi_dmul</name>
         <value>0x3119</value>
         <object_component_ref idref="oc-16f"/>
      </symbol>
      <symbol id="sm-79f">
         <name>__aeabi_d2iz</name>
         <value>0x3aa1</value>
         <object_component_ref idref="oc-174"/>
      </symbol>
      <symbol id="sm-7a9">
         <name>__aeabi_ui2d</name>
         <value>0x3de5</value>
         <object_component_ref idref="oc-160"/>
      </symbol>
      <symbol id="sm-7b8">
         <name>__aeabi_uidivmod</name>
         <value>0x3bfd</value>
         <object_component_ref idref="oc-26a"/>
      </symbol>
      <symbol id="sm-7b9">
         <name>__aeabi_uidiv</name>
         <value>0x3bfd</value>
         <object_component_ref idref="oc-26a"/>
      </symbol>
      <symbol id="sm-7d0">
         <name>__TI_zero_init</name>
         <value>0x403b</value>
         <object_component_ref idref="oc-50"/>
      </symbol>
      <symbol id="sm-7e7">
         <name>__TI_decompress_none</name>
         <value>0x3ff1</value>
         <object_component_ref idref="oc-1b"/>
      </symbol>
      <symbol id="sm-80a">
         <name>__TI_decompress_lzss</name>
         <value>0x37e9</value>
         <object_component_ref idref="oc-15"/>
      </symbol>
      <symbol id="sm-89f">
         <name>_sys_memory</name>
         <value>0x20000830</value>
         <object_component_ref idref="oc-24"/>
      </symbol>
      <symbol id="sm-8a0">
         <name>free</name>
         <value>0x3309</value>
         <object_component_ref idref="oc-20e"/>
      </symbol>
      <symbol id="sm-8a1">
         <name>memalign</name>
         <value>0x3011</value>
         <object_component_ref idref="oc-42c"/>
      </symbol>
      <symbol id="sm-8a2">
         <name>calloc</name>
         <value>0x3c79</value>
         <object_component_ref idref="oc-208"/>
      </symbol>
      <symbol id="sm-8a3">
         <name>malloc</name>
         <value>0x4097</value>
         <object_component_ref idref="oc-338"/>
      </symbol>
      <symbol id="sm-8a4">
         <name>aligned_alloc</name>
         <value>0x3011</value>
         <object_component_ref idref="oc-42c"/>
      </symbol>
      <symbol id="sm-8b7">
         <name>__stack</name>
         <value>0x20000630</value>
         <object_component_ref idref="oc-27"/>
      </symbol>
      <symbol id="sm-8b8">
         <name>_c_int00_noargs</name>
         <value>0x3d19</value>
         <object_component_ref idref="oc-5c"/>
      </symbol>
      <symbol id="sm-8c2">
         <name>__aeabi_idiv0</name>
         <value>0x2dd3</value>
         <object_component_ref idref="oc-374"/>
      </symbol>
      <symbol id="sm-8c3">
         <name>__aeabi_ldiv0</name>
         <value>0x2dd3</value>
         <object_component_ref idref="oc-374"/>
      </symbol>
      <symbol id="sm-8d2">
         <name>__aeabi_memset</name>
         <value>0x3699</value>
         <object_component_ref idref="oc-96"/>
      </symbol>
      <symbol id="sm-8d3">
         <name>memset</name>
         <value>0x369f</value>
         <object_component_ref idref="oc-96"/>
      </symbol>
      <symbol id="sm-8d4">
         <name>__aeabi_memset8</name>
         <value>0x3699</value>
         <object_component_ref idref="oc-96"/>
      </symbol>
      <symbol id="sm-8d5">
         <name>__aeabi_memset4</name>
         <value>0x3699</value>
         <object_component_ref idref="oc-96"/>
      </symbol>
      <symbol id="sm-8d6">
         <name>__aeabi_memclr8</name>
         <value>0x3697</value>
         <object_component_ref idref="oc-96"/>
      </symbol>
      <symbol id="sm-8d7">
         <name>__aeabi_memclr4</name>
         <value>0x3697</value>
         <object_component_ref idref="oc-96"/>
      </symbol>
      <symbol id="sm-8d8">
         <name>__aeabi_memclr</name>
         <value>0x3697</value>
         <object_component_ref idref="oc-96"/>
      </symbol>
      <symbol id="sm-8f3">
         <name>memcpy</name>
         <value>0x3581</value>
         <object_component_ref idref="oc-3e"/>
      </symbol>
      <symbol id="sm-8f4">
         <name>__aeabi_memcpy</name>
         <value>0x3581</value>
         <object_component_ref idref="oc-3e"/>
      </symbol>
      <symbol id="sm-8f5">
         <name>__aeabi_memcpy8</name>
         <value>0x3581</value>
         <object_component_ref idref="oc-3e"/>
      </symbol>
      <symbol id="sm-8f6">
         <name>__aeabi_memcpy4</name>
         <value>0x3581</value>
         <object_component_ref idref="oc-3e"/>
      </symbol>
      <symbol id="sm-91e">
         <name>__TI_auto_init_nobinit_nopinit</name>
         <value>0x3bb9</value>
         <object_component_ref idref="oc-1cc"/>
      </symbol>
      <symbol id="sm-928">
         <name>_system_pre_init</name>
         <value>0x40bd</value>
         <object_component_ref idref="oc-9c"/>
      </symbol>
      <symbol id="sm-934">
         <name>C$$EXIT</name>
         <value>0x40c1</value>
         <object_component_ref idref="oc-1c0"/>
      </symbol>
      <symbol id="sm-935">
         <name>abort</name>
         <value>0x40c1</value>
         <object_component_ref idref="oc-1c0"/>
      </symbol>
      <symbol id="sm-94a">
         <name>_nop</name>
         <value>0x2b2f</value>
         <object_component_ref idref="oc-40d"/>
      </symbol>
      <symbol id="sm-94b">
         <name>_lock</name>
         <value>0x20000954</value>
         <object_component_ref idref="oc-310"/>
      </symbol>
      <symbol id="sm-94c">
         <name>_unlock</name>
         <value>0x20000958</value>
         <object_component_ref idref="oc-310"/>
      </symbol>
      <symbol id="sm-94e">
         <name>__TI_static_base__</name>
         <value>0x0</value>
      </symbol>
      <symbol id="sm-951">
         <name>__mpu_init</name>
         <value>0x0</value>
      </symbol>
      <symbol id="sm-952">
         <name>_system_post_cinit</name>
         <value>0x0</value>
      </symbol>
   </symbol_table>
   <title>Link successful</title>
</link_info>
