******************************************************************************
                  TI ARM Linker PC v20.2.1                     
******************************************************************************
>> Linked Fri May 21 17:34:17 2021

OUTPUT FILE NAME:   <HeliProject.out>
ENTRY POINT SYMBOL: "_c_int00_noargs"  address: 00003d19


MEMORY CONFIGURATION

         name            origin    length      used     unused   attr    fill
----------------------  --------  ---------  --------  --------  ----  --------
  FLASH                 00000000   00040000  0000475c  0003b8a4  R  X
  SRAM                  20000000   00008000  00000969  00007697  RW X


SEGMENT ALLOCATION MAP

run origin  load origin   length   init length attrs members
----------  ----------- ---------- ----------- ----- -------
00000000    00000000    00004760   00004760    r-x
  00000000    00000000    0000026c   0000026c    r-- .intvecs
  0000026c    0000026c    00003e58   00003e58    r-x .text
  000040c4    000040c4    00000648   00000648    r-- .const
  00004710    00004710    00000050   00000050    r-- .cinit
20000000    20000000    0000096c   00000000    rw-
  20000000    20000000    0000026c   00000000    rw- .vtable
  2000026c    2000026c    000003c1   00000000    rw- .bss
  20000630    20000630    00000200   00000000    rw- .stack
  20000830    20000830    00000100   00000000    rw- .sysmem
  20000930    20000930    0000003c   00000000    rw- .data


SECTION ALLOCATION MAP

 output                                  attributes/
section   page    origin      length       input sections
--------  ----  ----------  ----------   ----------------
.intvecs   0    00000000    0000026c     
                  00000000    0000026c     tm4c123gh6pm_startup_ccs.obj (.intvecs)

.text      0    0000026c    00003e58     
                  0000026c    00000c84     ustdlib.obj (.text)
                  00000ef0    00000934     OrbitOledGrph.obj (.text)
                  00001824    00000744     heliproj.obj (.text)
                  00001f68    0000037c     OrbitOled.obj (.text)
                  000022e4    0000026c     buttons4.obj (.text)
                  00002550    00000224     UART.obj (.text)
                  00002774    00000204     OrbitOledChar.obj (.text)
                  00002978    000001b6     rtsv7M4_T_le_v4SPD16_eabi.lib : fd_add_t2.asm.obj (.text)
                  00002b2e    00000002                                   : _lock.c.obj (.text:_nop)
                  00002b30    0000016c     driverlib.lib : gpio.obj (.text:GPIOPadConfigSet)
                  00002c9c    00000136     rtsv7M4_T_le_v4SPD16_eabi.lib : fd_div_t2.asm.obj (.text)
                  00002dd2    00000002                                   : div0.asm.obj (.text)
                  00002dd4    00000124     PWMconfig.obj (.text)
                  00002ef8    00000118     driverlib.lib : sysctl.obj (.text:SysCtlClockGet)
                  00003010    00000108     rtsv7M4_T_le_v4SPD16_eabi.lib : memory.c.obj (.text:aligned_alloc)
                  00003118    000000fc                                   : fd_mul_t2.asm.obj (.text)
                  00003214    000000f4     driverlib.lib : sysctl.obj (.text:SysCtlClockSet)
                  00003308    000000e4     rtsv7M4_T_le_v4SPD16_eabi.lib : memory.c.obj (.text:free)
                  000033ec    000000dc     PID_Heli.obj (.text)
                  000034c8    000000b8     circBufT.obj (.text)
                  00003580    0000009c     rtsv7M4_T_le_v4SPD16_eabi.lib : memcpy_t2.asm.obj (.text)
                  0000361c    0000007a     driverlib.lib : adc.obj (.text:ADCSequenceStepConfigure)
                  00003696    0000007a     rtsv7M4_T_le_v4SPD16_eabi.lib : memset_t2.asm.obj (.text)
                  00003710    00000070                                   : memory.c.obj (.text:split)
                  00003780    00000068     driverlib.lib : interrupt.obj (.text:IntEnable)
                  000037e8    00000068     rtsv7M4_T_le_v4SPD16_eabi.lib : copy_decompress_lzss.c.obj (.text:decompress:lzss:__TI_decompress_lzss)
                  00003850    00000060     driverlib.lib : timer.obj (.text:TimerConfigure)
                  000038b0    0000005c     delay.obj (.text)
                  0000390c    00000058     driverlib.lib : gpio.obj (.text:GPIOIntTypeSet)
                  00003964    00000050                   : sysctl.obj (.text:SysCtlPeripheralReset)
                  000039b4    00000050                   : adc.obj (.text:_ADCIntNumberGet)
                  00003a04    0000004e                   : adc.obj (.text:ADCSequenceConfigure)
                  00003a52    00000002     --HOLE-- [fill = 0]
                  00003a54    0000004c                   : gpio.obj (.text:GPIOPinConfigure)
                  00003aa0    00000048     rtsv7M4_T_le_v4SPD16_eabi.lib : fd_toi_t2.asm.obj (.text)
                  00003ae8    00000046     driverlib.lib : uart.obj (.text:UARTConfigSetExpClk)
                  00003b2e    00000002     --HOLE-- [fill = 0]
                  00003b30    00000044     OrbitOLEDInterface.obj (.text)
                  00003b74    00000044     driverlib.lib : gpio.obj (.text:_GPIOIntNumberGet)
                  00003bb8    00000044     rtsv7M4_T_le_v4SPD16_eabi.lib : autoinit.c.obj (.text:__TI_auto_init_nobinit_nopinit:__TI_auto_init_nobinit_nopinit)
                  00003bfc    00000040                                   : u_divt2.asm.obj (.text)
                  00003c3c    0000003c     driverlib.lib : ssi.obj (.text:SSIConfigSetExpClk)
                  00003c78    00000038     rtsv7M4_T_le_v4SPD16_eabi.lib : memory.c.obj (.text:calloc)
                  00003cb0    00000034     driverlib.lib : interrupt.obj (.text:IntRegister)
                  00003ce4    00000034                   : sysctl.obj (.text:SysCtlPeripheralEnable)
                  00003d18    00000034     rtsv7M4_T_le_v4SPD16_eabi.lib : boot_cortex_m.c.obj (.text:_c_int00_noargs:_c_int00_noargs)
                  00003d4c    0000002c     driverlib.lib : gpio.obj (.text:GPIODirModeSet)
                  00003d78    00000028     rtsv7M4_T_le_v4SPD16_eabi.lib : memory.c.obj (.text:free_list_insert)
                  00003da0    00000022     driverlib.lib : pwm.obj (.text:PWMGenConfigure)
                  00003dc2    00000002     --HOLE-- [fill = 0]
                  00003dc4    00000020                   : uart.obj (.text:UARTDisable)
                  00003de4    00000020     rtsv7M4_T_le_v4SPD16_eabi.lib : u_tofd_t2.asm.obj (.text)
                  00003e04    0000001e     driverlib.lib : adc.obj (.text:ADCSequenceDataGet)
                  00003e22    0000001e                   : pwm.obj (.text:PWMPulseWidthSet)
                  00003e40    0000001c                   : systick.obj (.text:SysTickIntRegister)
                  00003e5c    0000001c     rtsv7M4_T_le_v4SPD16_eabi.lib : memory.c.obj (.text:free_list_remove)
                  00003e78    0000001a     driverlib.lib : gpio.obj (.text:GPIOPinTypeGPIOOutput)
                  00003e92    00000018                   : adc.obj (.text:ADCIntRegister)
                  00003eaa    00000018                   : adc.obj (.text:ADCProcessorTrigger)
                  00003ec2    00000018                   : gpio.obj (.text:GPIOIntRegister)
                  00003eda    00000016                   : gpio.obj (.text:GPIOPinTypeGPIOInput)
                  00003ef0    00000016                   : gpio.obj (.text:GPIOPinTypePWM)
                  00003f06    00000016                   : gpio.obj (.text:GPIOPinTypeSSI)
                  00003f1c    00000016                   : gpio.obj (.text:GPIOPinTypeUART)
                  00003f32    00000002     --HOLE-- [fill = 0]
                  00003f34    00000014                   : systick.obj (.text:SysTickEnable)
                  00003f48    00000014                   : systick.obj (.text:SysTickIntEnable)
                  00003f5c    00000014                   : uart.obj (.text:UARTEnable)
                  00003f70    00000012                   : pwm.obj (.text:PWMOutputState)
                  00003f82    00000010                   : adc.obj (.text:ADCIntEnable)
                  00003f92    00000010                   : interrupt.obj (.text:IntMasterDisable)
                  00003fa2    00000010                   : interrupt.obj (.text:IntMasterEnable)
                  00003fb2    00000010                   : pwm.obj (.text:PWMGenPeriodSet)
                  00003fc2    00000002     --HOLE-- [fill = 0]
                  00003fc4    00000010                   : systick.obj (.text:SysTickPeriodSet)
                  00003fd4    0000000e                   : adc.obj (.text:ADCSequenceEnable)
                  00003fe2    0000000e                   : timer.obj (.text:TimerEnable)
                  00003ff0    0000000e     rtsv7M4_T_le_v4SPD16_eabi.lib : copy_decompress_none.c.obj (.text:decompress:none:__TI_decompress_none)
                  00003ffe    0000000c     driverlib.lib : cpu.obj (.text:CPUcpsid)
                  0000400a    0000000c                   : cpu.obj (.text:CPUcpsie)
                  00004016    0000000c                   : gpio.obj (.text:GPIOIntEnable)
                  00004022    0000000c                   : pwm.obj (.text:PWMGenEnable)
                  0000402e    0000000c                   : ssi.obj (.text:SSIDataGet)
                  0000403a    0000000c     rtsv7M4_T_le_v4SPD16_eabi.lib : copy_zero_init.c.obj (.text:decompress:ZI:__TI_zero_init)
                  00004046    0000000c     tm4c123gh6pm_startup_ccs.obj (.text)
                  00004052    0000000a     driverlib.lib : adc.obj (.text:ADCIntClear)
                  0000405c    0000000a                   : ssi.obj (.text:SSIDataPut)
                  00004066    0000000a                   : ssi.obj (.text:SSIEnable)
                  00004070    0000000a                   : timer.obj (.text:TimerValueGet)
                  0000407a    0000000a                   : uart.obj (.text:UARTCharPut)
                  00004084    0000000a                   : uart.obj (.text:UARTFIFOEnable)
                  0000408e    00000008                   : ssi.obj (.text:SSIBusy)
                  00004096    00000008     rtsv7M4_T_le_v4SPD16_eabi.lib : memory.c.obj (.text:malloc)
                  0000409e    00000006     driverlib.lib : gpio.obj (.text:GPIOIntClear)
                  000040a4    00000006                   : gpio.obj (.text:GPIOPinRead)
                  000040aa    00000006                   : gpio.obj (.text:GPIOPinWrite)
                  000040b0    00000006                   : ssi.obj (.text:SSIClockSourceSet)
                  000040b6    00000006                   : sysctl.obj (.text:SysCtlDelay)
                  000040bc    00000004     rtsv7M4_T_le_v4SPD16_eabi.lib : pre_init.c.obj (.text:_system_pre_init)
                  000040c0    00000004                                   : exit.c.obj (.text:abort:abort)

.const     0    000040c4    00000648     
                  000040c4    00000300     ChrFont0.obj (.const:.string:rgbOledFont0)
                  000043c4    000000d8     driverlib.lib : gpio.obj (.const:g_ppui32GPIOIntMapSnowflake)
                  0000449c    000000c0                   : gpio.obj (.const:g_ppui32GPIOIntMapBlizzard)
                  0000455c    00000090                   : gpio.obj (.const:g_pui32GPIOBaseAddrs)
                  000045ec    0000006c                   : sysctl.obj (.const:g_pui32Xtals)
                  00004658    00000040     FillPat.obj (.const:.string:rgbFillPat)
                  00004698    00000030     ustdlib.obj (.const:g_psDaysToMonth)
                  000046c8    00000018     ustdlib.obj (.const:g_pfExponents)
                  000046e0    00000014     driverlib.lib : interrupt.obj (.const:g_pui32EnRegs)
                  000046f4    00000012     ustdlib.obj (.const:.string)
                  00004706    00000002     --HOLE-- [fill = 0]
                  00004708    00000004     ustdlib.obj (.const)

.cinit     0    00004710    00000050     
                  00004710    00000017     (.cinit..data.load) [load image, compression = lzss]
                  00004727    00000001     --HOLE-- [fill = 0]
                  00004728    0000000c     (__TI_handler_table)
                  00004734    00000004     --HOLE-- [fill = 0]
                  00004738    00000008     (.cinit..bss.load) [load image, compression = zero_init]
                  00004740    00000008     (.cinit..vtable.load) [load image, compression = zero_init]
                  00004748    00000018     (__TI_cinit_table)

.init_array 
*          0    00000000    00000000     UNINITIALIZED

.vtable    0    20000000    0000026c     UNINITIALIZED
                  20000000    0000026c     driverlib.lib : interrupt.obj (.vtable)

.bss       0    2000026c    000003c1     UNINITIALIZED
                  2000026c    00000200     (.common:rgbOledBmp)
                  2000046c    00000100     (.common:rgbOledFontUser)
                  2000056c    0000004c     (.common:statusStr)
                  200005b8    00000010     heliproj.obj (.bss:g_inBuffer)
                  200005c8    00000008     buttons4.obj (.bss:but_count)
                  200005d0    00000008     buttons4.obj (.bss:but_flag)
                  200005d8    00000008     buttons4.obj (.bss:but_normal)
                  200005e0    00000008     buttons4.obj (.bss:but_state)
                  200005e8    00000004     heliproj.obj (.bss)
                  200005ec    00000004     (.common:bnOledCur)
                  200005f0    00000004     (.common:dxcoOledFontCur)
                  200005f4    00000004     (.common:dycoOledFontCur)
                  200005f8    00000004     (.common:fOledCharUpdate)
                  200005fc    00000004     (.common:modOledCur)
                  20000600    00000004     (.common:pbOledCur)
                  20000604    00000004     (.common:pbOledFontCur)
                  20000608    00000004     (.common:pbOledFontUser)
                  2000060c    00000004     (.common:pbOledPatCur)
                  20000610    00000004     (.common:pfnDoRop)
                  20000614    00000004     (.common:xchOledCur)
                  20000618    00000004     (.common:xchOledMax)
                  2000061c    00000004     (.common:xcoOledCur)
                  20000620    00000004     (.common:ychOledCur)
                  20000624    00000004     (.common:ychOledMax)
                  20000628    00000004     (.common:ycoOledCur)
                  2000062c    00000001     (.common:clrOledCur)

.stack     0    20000630    00000200     UNINITIALIZED
                  20000630    00000004     rtsv7M4_T_le_v4SPD16_eabi.lib : boot_cortex_m.c.obj (.stack)
                  20000634    000001fc     --HOLE--

.sysmem    0    20000830    00000100     UNINITIALIZED
                  20000830    00000010     rtsv7M4_T_le_v4SPD16_eabi.lib : memory.c.obj (.sysmem)
                  20000840    000000f0     --HOLE--

.data      0    20000930    0000003c     UNINITIALIZED
                  20000930    00000022     heliproj.obj (.data)
                  20000952    00000001     UART.obj (.data)
                  20000953    00000001     --HOLE--
                  20000954    00000008     rtsv7M4_T_le_v4SPD16_eabi.lib : _lock.c.obj (.data:$O1$$)
                  2000095c    00000008                                   : memory.c.obj (.data:$O1$$)
                  20000964    00000004     PID_Heli.obj (.data)
                  20000968    00000004     ustdlib.obj (.data)

__llvm_prf_cnts 
*          0    20000000    00000000     UNINITIALIZED

MODULE SUMMARY

       Module                         code    ro data   rw data
       ------                         ----    -------   -------
    .\
       ustdlib.obj                    3204    94        4      
       heliproj.obj                   1860    0         54     
       buttons4.obj                   620     0         32     
       tm4c123gh6pm_startup_ccs.obj   12      620       0      
       UART.obj                       548     0         77     
       PWMconfig.obj                  292     0         0      
       PID_Heli.obj                   220     0         4      
       circBufT.obj                   184     0         0      
    +--+------------------------------+-------+---------+---------+
       Total:                         6940    714       171    
                                                               
    .\OrbitOLED\
       OrbitOLEDInterface.obj         68      0         0      
    +--+------------------------------+-------+---------+---------+
       Total:                         68      0         0      
                                                               
    .\OrbitOLED\lib_OrbitOled\
       OrbitOledGrph.obj              2356    0         8      
       OrbitOled.obj                  892     0         553    
       OrbitOledChar.obj              516     0         272    
       ChrFont0.obj                   0       768       0      
       delay.obj                      92      0         0      
       FillPat.obj                    0       64        0      
    +--+------------------------------+-------+---------+---------+
       Total:                         3856    832       833    
                                                               
    C:/ti/TivaWare_C_Series-2.2.0.295/driverlib/ccs/Debug/driverlib.lib
       gpio.obj                       808     552       0      
       interrupt.obj                  188     20        620    
       sysctl.obj                     662     108       0      
       adc.obj                        398     0         0      
       uart.obj                       142     0         0      
       timer.obj                      120     0         0      
       pwm.obj                        110     0         0      
       ssi.obj                        106     0         0      
       systick.obj                    84      0         0      
       cpu.obj                        24      0         0      
    +--+------------------------------+-------+---------+---------+
       Total:                         2642    680       620    
                                                               
    C:\ti\ccs1011\ccs\tools\compiler\ti-cgt-arm_20.2.1.LTS\lib\rtsv7M4_T_le_v4SPD16_eabi.lib
       memory.c.obj                   736     0         8      
       fd_add_t2.asm.obj              438     0         0      
       fd_div_t2.asm.obj              310     0         0      
       fd_mul_t2.asm.obj              252     0         0      
       memcpy_t2.asm.obj              156     0         0      
       memset_t2.asm.obj              122     0         0      
       copy_decompress_lzss.c.obj     104     0         0      
       fd_toi_t2.asm.obj              72      0         0      
       autoinit.c.obj                 68      0         0      
       u_divt2.asm.obj                64      0         0      
       boot_cortex_m.c.obj            52      0         0      
       u_tofd_t2.asm.obj              32      0         0      
       copy_decompress_none.c.obj     14      0         0      
       copy_zero_init.c.obj           12      0         0      
       _lock.c.obj                    2       0         8      
       exit.c.obj                     4       0         0      
       pre_init.c.obj                 4       0         0      
       div0.asm.obj                   2       0         0      
    +--+------------------------------+-------+---------+---------+
       Total:                         2444    0         16     
                                                               
       Heap:                          0       0         256    
       Stack:                         0       0         512    
       Linker Generated:              0       75        0      
    +--+------------------------------+-------+---------+---------+
       Grand Total:                   15950   2301      2408   


LINKER GENERATED COPY TABLES

__TI_cinit_table @ 00004748 records: 3, size/record: 8, table size: 24
	.data: load addr=00004710, load size=00000017 bytes, run addr=20000930, run size=0000003c bytes, compression=lzss
	.bss: load addr=00004738, load size=00000008 bytes, run addr=2000026c, run size=000003c1 bytes, compression=zero_init
	.vtable: load addr=00004740, load size=00000008 bytes, run addr=20000000, run size=0000026c bytes, compression=zero_init


LINKER GENERATED HANDLER TABLE

__TI_handler_table @ 00004728 records: 3, size/record: 4, table size: 12
	index: 0, handler: __TI_zero_init
	index: 1, handler: __TI_decompress_lzss
	index: 2, handler: __TI_decompress_none


GLOBAL SYMBOLS: SORTED ALPHABETICALLY BY Name 

address   name                          
-------   ----                          
00004053  ADCIntClear                   
00003f83  ADCIntEnable                  
00001859  ADCIntHandler                 
00003e93  ADCIntRegister                
00003eab  ADCProcessorTrigger           
00003a05  ADCSequenceConfigure          
00003e05  ADCSequenceDataGet            
00003fd5  ADCSequenceEnable             
0000361d  ADCSequenceStepConfigure      
000040c1  C$$EXIT                       
00003fff  CPUcpsid                      
0000400b  CPUcpsie                      
000038b1  DelayInit                     
000038cb  DelayMs                       
00003d4d  GPIODirModeSet                
0000409f  GPIOIntClear                  
00004017  GPIOIntEnable                 
00003ec3  GPIOIntRegister               
0000390d  GPIOIntTypeSet                
00002b31  GPIOPadConfigSet              
00003a55  GPIOPinConfigure              
000040a5  GPIOPinRead                   
00003edb  GPIOPinTypeGPIOInput          
00003e79  GPIOPinTypeGPIOOutput         
00003ef1  GPIOPinTypePWM                
00003f07  GPIOPinTypeSSI                
00003f1d  GPIOPinTypeUART               
000040ab  GPIOPinWrite                  
00003781  IntEnable                     
00003f93  IntMasterDisable              
00003fa3  IntMasterEnable               
00003cb1  IntRegister                   
20000964  Limit                         
00003b57  OLEDInitialise                
00003b31  OLEDStringDraw                
0000290d  OrbitOledAdvanceCursor        
000017bf  OrbitOledClampXco             
000017df  OrbitOledClampYco             
00002145  OrbitOledClear                
00002151  OrbitOledClearBuffer          
000027dd  OrbitOledDefUserChar          
000020c1  OrbitOledDevInit              
00001615  OrbitOledDrawChar             
00002895  OrbitOledDrawGlyph            
00000fe7  OrbitOledDrawPixel            
0000112d  OrbitOledDrawRect             
0000166f  OrbitOledDrawString           
00002047  OrbitOledDvrInit              
000011b1  OrbitOledFillRect             
000012f5  OrbitOledGetBmp               
00002845  OrbitOledGetCharUpdate        
000027c1  OrbitOledGetCursor            
00000fe1  OrbitOledGetDrawMode          
00001013  OrbitOledGetPixel             
00000f37  OrbitOledGetPos               
00000f6b  OrbitOledGetStdPattern        
00001f7d  OrbitOledHostInit             
00001f69  OrbitOledInit                 
0000102d  OrbitOledLineTo               
00001757  OrbitOledMoveDown             
0000178d  OrbitOledMoveLeft             
000017a5  OrbitOledMoveRight            
00000ef1  OrbitOledMoveTo               
00001725  OrbitOledMoveUp               
00001441  OrbitOledPutBmp               
000021db  OrbitOledPutBuffer            
0000284b  OrbitOledPutChar              
00002869  OrbitOledPutString            
000016db  OrbitOledRopAnd               
000016b7  OrbitOledRopOr                
0000168d  OrbitOledRopSet               
000016ff  OrbitOledRopXor               
0000282d  OrbitOledSetCharUpdate        
00002775  OrbitOledSetCursor            
00000f53  OrbitOledSetDrawColor         
00000f8d  OrbitOledSetDrawMode          
00000f7d  OrbitOledSetFillPattern       
00002181  OrbitOledUpdate               
00003da1  PWMGenConfigure               
00004023  PWMGenEnable                  
00003fb3  PWMGenPeriodSet               
00003f71  PWMOutputState                
00003e23  PWMPulseWidthSet              
00004047  ResetISR                      
0000408f  SSIBusy                       
000040b1  SSIClockSourceSet             
00003c3d  SSIConfigSetExpClk            
0000402f  SSIDataGet                    
0000405d  SSIDataPut                    
00004067  SSIEnable                     
00001963  SW1IntHandler                 
00002241  Ssi3PutByte                   
00002ef9  SysCtlClockGet                
00003215  SysCtlClockSet                
000040b7  SysCtlDelay                   
00003ce5  SysCtlPeripheralEnable        
00003965  SysCtlPeripheralReset         
00003f35  SysTickEnable                 
00003f49  SysTickIntEnable              
00001825  SysTickIntHandler             
00003e41  SysTickIntRegister            
00003fc5  SysTickPeriodSet              
00003851  TimerConfigure                
00003fe3  TimerEnable                   
00004071  TimerValueGet                 
0000407b  UARTCharPut                   
00003ae9  UARTConfigSetExpClk           
00003dc5  UARTDisable                   
00003f5d  UARTEnable                    
00004085  UARTFIFOEnable                
00002597  UARTSend                      
000025b7  UARTSendCheck                 
00003429  UpdatePID                     
20000830  __STACK_END                   
00000200  __STACK_SIZE                  
20000830  __STACK_TOP                   
00000100  __SYSMEM_SIZE                 
00004748  __TI_CINIT_Base               
00004760  __TI_CINIT_Limit              
00004728  __TI_Handler_Table_Base       
00004734  __TI_Handler_Table_Limit      
00003bb9  __TI_auto_init_nobinit_nopinit
000037e9  __TI_decompress_lzss          
00003ff1  __TI_decompress_none          
ffffffff  __TI_pprof_out_hndl           
ffffffff  __TI_prof_data_size           
ffffffff  __TI_prof_data_start          
00000000  __TI_static_base__            
0000403b  __TI_zero_init                
00003aa1  __aeabi_d2iz                  
00002983  __aeabi_dadd                  
00002c9d  __aeabi_ddiv                  
00003119  __aeabi_dmul                  
00002979  __aeabi_dsub                  
00002dd3  __aeabi_idiv0                 
00002dd3  __aeabi_ldiv0                 
00003697  __aeabi_memclr                
00003697  __aeabi_memclr4               
00003697  __aeabi_memclr8               
00003581  __aeabi_memcpy                
00003581  __aeabi_memcpy4               
00003581  __aeabi_memcpy8               
00003699  __aeabi_memset                
00003699  __aeabi_memset4               
00003699  __aeabi_memset8               
00003de5  __aeabi_ui2d                  
00003bfd  __aeabi_uidiv                 
00003bfd  __aeabi_uidivmod              
ffffffff  __binit__                     
ffffffff  __c_args__                    
UNDEFED   __mpu_init                    
20000630  __stack                       
20000000  __start___llvm_prf_cnts       
20000000  __stop___llvm_prf_cnts        
00003d19  _c_int00_noargs               
20000954  _lock                         
00002b2f  _nop                          
20000830  _sys_memory                   
UNDEFED   _system_post_cinit            
000040bd  _system_pre_init              
20000958  _unlock                       
000040c1  abort                         
00003011  aligned_alloc                 
ffffffff  binit                         
200005ec  bnOledCur                     
00003c79  calloc                        
000024c9  checkButton                   
00001b9d  checkButtons                  
2000062c  clrOledCur                    
00001ad1  display                       
200005f0  dxcoOledFontCur               
200005f4  dycoOledFontCur               
200005f8  fOledCharUpdate               
00003309  free                          
0000355b  freeCircBuf                   
20000000  g_pfnRAMVectors               
00000000  g_pfnVectors                  
00001877  initADC                       
000022e5  initButtons                   
000034c9  initCircBuf                   
0000193b  initClock                     
000033ed  initPID                       
00002e41  initPWM                       
000019f5  initSwitch                    
0000190f  initYaw                       
00001a41  initYawCali                   
00002551  initiUSB_UART                 
00001cd9  main                          
00004097  malloc                        
00003011  memalign                      
00003581  memcpy                        
0000369f  memset                        
20000952  message                       
200005fc  modOledCur                    
20000600  pbOledCur                     
20000604  pbOledFontCur                 
20000608  pbOledFontUser                
2000060c  pbOledPatCur                  
20000610  pfnDoRop                      
00003527  readCircBuf                   
00004658  rgbFillPat                    
2000026c  rgbOledBmp                    
000040c4  rgbOledFont0                  
2000046c  rgbOledFontUser               
00002dd5  setPWMMain                    
00002e0d  setPWMTail                    
2000056c  statusStr                     
00001a6d  toPercentage                  
00000751  ulocaltime                    
0000094f  umktime                       
000023d7  updateButtons                 
00000ec9  urand                         
00000721  usnprintf                     
000006ef  usprintf                      
00000eb9  usrand                        
00000e31  ustrcasecmp                   
00000ea5  ustrcmp                       
00000d35  ustrlen                       
00000d8d  ustrncasecmp                  
00000e45  ustrncmp                      
0000026d  ustrncpy                      
00000d57  ustrstr                       
00000afd  ustrtof                       
000009c5  ustrtoul                      
000002c5  uvsnprintf                    
000034f3  writeCircBuf                  
20000614  xchOledCur                    
20000618  xchOledMax                    
2000061c  xcoOledCur                    
00001a29  yawCaliHandler                
00001c31  yawCalibrate                  
000018b5  yawIntHandler                 
20000620  ychOledCur                    
20000624  ychOledMax                    
20000628  ycoOledCur                    


GLOBAL SYMBOLS: SORTED BY Symbol Address 

address   name                          
-------   ----                          
00000000  __TI_static_base__            
00000000  g_pfnVectors                  
00000100  __SYSMEM_SIZE                 
00000200  __STACK_SIZE                  
0000026d  ustrncpy                      
000002c5  uvsnprintf                    
000006ef  usprintf                      
00000721  usnprintf                     
00000751  ulocaltime                    
0000094f  umktime                       
000009c5  ustrtoul                      
00000afd  ustrtof                       
00000d35  ustrlen                       
00000d57  ustrstr                       
00000d8d  ustrncasecmp                  
00000e31  ustrcasecmp                   
00000e45  ustrncmp                      
00000ea5  ustrcmp                       
00000eb9  usrand                        
00000ec9  urand                         
00000ef1  OrbitOledMoveTo               
00000f37  OrbitOledGetPos               
00000f53  OrbitOledSetDrawColor         
00000f6b  OrbitOledGetStdPattern        
00000f7d  OrbitOledSetFillPattern       
00000f8d  OrbitOledSetDrawMode          
00000fe1  OrbitOledGetDrawMode          
00000fe7  OrbitOledDrawPixel            
00001013  OrbitOledGetPixel             
0000102d  OrbitOledLineTo               
0000112d  OrbitOledDrawRect             
000011b1  OrbitOledFillRect             
000012f5  OrbitOledGetBmp               
00001441  OrbitOledPutBmp               
00001615  OrbitOledDrawChar             
0000166f  OrbitOledDrawString           
0000168d  OrbitOledRopSet               
000016b7  OrbitOledRopOr                
000016db  OrbitOledRopAnd               
000016ff  OrbitOledRopXor               
00001725  OrbitOledMoveUp               
00001757  OrbitOledMoveDown             
0000178d  OrbitOledMoveLeft             
000017a5  OrbitOledMoveRight            
000017bf  OrbitOledClampXco             
000017df  OrbitOledClampYco             
00001825  SysTickIntHandler             
00001859  ADCIntHandler                 
00001877  initADC                       
000018b5  yawIntHandler                 
0000190f  initYaw                       
0000193b  initClock                     
00001963  SW1IntHandler                 
000019f5  initSwitch                    
00001a29  yawCaliHandler                
00001a41  initYawCali                   
00001a6d  toPercentage                  
00001ad1  display                       
00001b9d  checkButtons                  
00001c31  yawCalibrate                  
00001cd9  main                          
00001f69  OrbitOledInit                 
00001f7d  OrbitOledHostInit             
00002047  OrbitOledDvrInit              
000020c1  OrbitOledDevInit              
00002145  OrbitOledClear                
00002151  OrbitOledClearBuffer          
00002181  OrbitOledUpdate               
000021db  OrbitOledPutBuffer            
00002241  Ssi3PutByte                   
000022e5  initButtons                   
000023d7  updateButtons                 
000024c9  checkButton                   
00002551  initiUSB_UART                 
00002597  UARTSend                      
000025b7  UARTSendCheck                 
00002775  OrbitOledSetCursor            
000027c1  OrbitOledGetCursor            
000027dd  OrbitOledDefUserChar          
0000282d  OrbitOledSetCharUpdate        
00002845  OrbitOledGetCharUpdate        
0000284b  OrbitOledPutChar              
00002869  OrbitOledPutString            
00002895  OrbitOledDrawGlyph            
0000290d  OrbitOledAdvanceCursor        
00002979  __aeabi_dsub                  
00002983  __aeabi_dadd                  
00002b2f  _nop                          
00002b31  GPIOPadConfigSet              
00002c9d  __aeabi_ddiv                  
00002dd3  __aeabi_idiv0                 
00002dd3  __aeabi_ldiv0                 
00002dd5  setPWMMain                    
00002e0d  setPWMTail                    
00002e41  initPWM                       
00002ef9  SysCtlClockGet                
00003011  aligned_alloc                 
00003011  memalign                      
00003119  __aeabi_dmul                  
00003215  SysCtlClockSet                
00003309  free                          
000033ed  initPID                       
00003429  UpdatePID                     
000034c9  initCircBuf                   
000034f3  writeCircBuf                  
00003527  readCircBuf                   
0000355b  freeCircBuf                   
00003581  __aeabi_memcpy                
00003581  __aeabi_memcpy4               
00003581  __aeabi_memcpy8               
00003581  memcpy                        
0000361d  ADCSequenceStepConfigure      
00003697  __aeabi_memclr                
00003697  __aeabi_memclr4               
00003697  __aeabi_memclr8               
00003699  __aeabi_memset                
00003699  __aeabi_memset4               
00003699  __aeabi_memset8               
0000369f  memset                        
00003781  IntEnable                     
000037e9  __TI_decompress_lzss          
00003851  TimerConfigure                
000038b1  DelayInit                     
000038cb  DelayMs                       
0000390d  GPIOIntTypeSet                
00003965  SysCtlPeripheralReset         
00003a05  ADCSequenceConfigure          
00003a55  GPIOPinConfigure              
00003aa1  __aeabi_d2iz                  
00003ae9  UARTConfigSetExpClk           
00003b31  OLEDStringDraw                
00003b57  OLEDInitialise                
00003bb9  __TI_auto_init_nobinit_nopinit
00003bfd  __aeabi_uidiv                 
00003bfd  __aeabi_uidivmod              
00003c3d  SSIConfigSetExpClk            
00003c79  calloc                        
00003cb1  IntRegister                   
00003ce5  SysCtlPeripheralEnable        
00003d19  _c_int00_noargs               
00003d4d  GPIODirModeSet                
00003da1  PWMGenConfigure               
00003dc5  UARTDisable                   
00003de5  __aeabi_ui2d                  
00003e05  ADCSequenceDataGet            
00003e23  PWMPulseWidthSet              
00003e41  SysTickIntRegister            
00003e79  GPIOPinTypeGPIOOutput         
00003e93  ADCIntRegister                
00003eab  ADCProcessorTrigger           
00003ec3  GPIOIntRegister               
00003edb  GPIOPinTypeGPIOInput          
00003ef1  GPIOPinTypePWM                
00003f07  GPIOPinTypeSSI                
00003f1d  GPIOPinTypeUART               
00003f35  SysTickEnable                 
00003f49  SysTickIntEnable              
00003f5d  UARTEnable                    
00003f71  PWMOutputState                
00003f83  ADCIntEnable                  
00003f93  IntMasterDisable              
00003fa3  IntMasterEnable               
00003fb3  PWMGenPeriodSet               
00003fc5  SysTickPeriodSet              
00003fd5  ADCSequenceEnable             
00003fe3  TimerEnable                   
00003ff1  __TI_decompress_none          
00003fff  CPUcpsid                      
0000400b  CPUcpsie                      
00004017  GPIOIntEnable                 
00004023  PWMGenEnable                  
0000402f  SSIDataGet                    
0000403b  __TI_zero_init                
00004047  ResetISR                      
00004053  ADCIntClear                   
0000405d  SSIDataPut                    
00004067  SSIEnable                     
00004071  TimerValueGet                 
0000407b  UARTCharPut                   
00004085  UARTFIFOEnable                
0000408f  SSIBusy                       
00004097  malloc                        
0000409f  GPIOIntClear                  
000040a5  GPIOPinRead                   
000040ab  GPIOPinWrite                  
000040b1  SSIClockSourceSet             
000040b7  SysCtlDelay                   
000040bd  _system_pre_init              
000040c1  C$$EXIT                       
000040c1  abort                         
000040c4  rgbOledFont0                  
00004658  rgbFillPat                    
00004728  __TI_Handler_Table_Base       
00004734  __TI_Handler_Table_Limit      
00004748  __TI_CINIT_Base               
00004760  __TI_CINIT_Limit              
20000000  __start___llvm_prf_cnts       
20000000  __stop___llvm_prf_cnts        
20000000  g_pfnRAMVectors               
2000026c  rgbOledBmp                    
2000046c  rgbOledFontUser               
2000056c  statusStr                     
200005ec  bnOledCur                     
200005f0  dxcoOledFontCur               
200005f4  dycoOledFontCur               
200005f8  fOledCharUpdate               
200005fc  modOledCur                    
20000600  pbOledCur                     
20000604  pbOledFontCur                 
20000608  pbOledFontUser                
2000060c  pbOledPatCur                  
20000610  pfnDoRop                      
20000614  xchOledCur                    
20000618  xchOledMax                    
2000061c  xcoOledCur                    
20000620  ychOledCur                    
20000624  ychOledMax                    
20000628  ycoOledCur                    
2000062c  clrOledCur                    
20000630  __stack                       
20000830  __STACK_END                   
20000830  __STACK_TOP                   
20000830  _sys_memory                   
20000952  message                       
20000954  _lock                         
20000958  _unlock                       
20000964  Limit                         
ffffffff  __TI_pprof_out_hndl           
ffffffff  __TI_prof_data_size           
ffffffff  __TI_prof_data_start          
ffffffff  __binit__                     
ffffffff  __c_args__                    
ffffffff  binit                         
UNDEFED   __mpu_init                    
UNDEFED   _system_post_cinit            

[235 symbols]
